******************************************************************************
                  TI ARM Linker PC v16.9.1                     
******************************************************************************
>> Linked Wed Jun 13 17:35:18 2018

OUTPUT FILE NAME:   <CAN.out>
ENTRY POINT SYMBOL: "_c_int00"  address: 000071e0


MEMORY CONFIGURATION

         name            origin    length      used     unused   attr    fill
----------------------  --------  ---------  --------  --------  ----  --------
  VECTORS               00000000   00000020  00000020  00000000     X
  FLASH0                00000020   0013ffe0  00007dd8  00138208  R  X
  STACKS                08000000   00001500  00000000  00001500  RW  
  RAM                   08001500   0002eb00  000000d4  0002ea2c  RW  
  AJSM                  f0000000   00000010  00000000  00000010  R  X


SEGMENT ALLOCATION MAP

run origin  load origin   length   init length attrs members
----------  ----------- ---------- ----------- ----- -------
00000000    00000000    00007df8   00007df8    r-x
  00000000    00000000    00000020   00000020    r-x .intvecs
  00000020    00000020    00007b78   00007b78    r-x .text
  00007b98    00007b98    00000220   00000220    r-- .const
  00007db8    00007db8    00000040   00000040    r-- .cinit
08001500    08001500    000000d4   00000000    rw-
  08001500    08001500    000000ac   00000000    rw- .data
  080015ac    080015ac    00000028   00000000    rw- .bss


SECTION ALLOCATION MAP

 output                                  attributes/
section   page    origin      length       input sections
--------  ----  ----------  ----------   ----------------
.intvecs   0    00000000    00000020     
                  00000000    00000020     sys_intvecs.obj (.intvecs)

.text      0    00000020    00007b78     
                  00000020    00002cdc     sys_selftest.obj (.text)
                  00002cfc    00000cec     can.obj (.text)
                  000039e8    00000b28     system.obj (.text)
                  00004510    00000a58     sys_vim.obj (.text)
                  00004f68    000008ac     pinmux.obj (.text)
                  00005814    000007b8     sci.obj (.text)
                  00005fcc    000005d8     esm.obj (.text)
                  000065a4    0000034c     sys_core.obj (.text)
                  000068f0    00000338     can.obj (.text:retain)
                  00006c28    000002ec     sys_main.obj (.text)
                  00006f14    000002cc     sys_vim.obj (.text:retain)
                  000071e0    0000027c     sys_startup.obj (.text:retain)
                  0000745c    00000114     esm.obj (.text:retain)
                  00007570    000000e8     dabort.obj (.text)
                  00007658    000000e0     rtsv7R4_T_be_v3D16_eabi.lib : s_floor.obj (.text)
                  00007738    000000e0     sys_pmu.obj (.text)
                  00007818    000000bc     notification.obj (.text)
                  000078d4    0000009c     rtsv7R4_T_be_v3D16_eabi.lib : memcpy_t2.obj (.text)
                  00007970    0000007a                                 : memset_t2.obj (.text)
                  000079ea    00000002                                 : startup.obj (.text)
                  000079ec    00000070                                 : autoinit.obj (.text)
                  00007a5c    0000006c                                 : copy_decompress_lzss.obj (.text:decompress:lzss)
                  00007ac8    00000050                                 : exit.obj (.text)
                  00007b18    0000004c                                 : cpy_tbl.obj (.text)
                  00007b64    00000014                                 : _lock.obj (.text)
                  00007b78    0000000e                                 : copy_decompress_none.obj (.text:decompress:none)
                  00007b86    0000000c                                 : copy_zero_init.obj (.text:decompress:ZI)
                  00007b92    00000002     --HOLE-- [fill = 0]
                  00007b94    00000004     sys_phantom.obj (.text:retain)

.const     0    00007b98    00000220     
                  00007b98    00000200     sys_vim.obj (.const:s_vim_init)
                  00007d98    00000020     can.obj (.const:s_canByteOrder)

.cinit     0    00007db8    00000040     
                  00007db8    00000018     (.cinit..data.load) [load image, compression = lzss]
                  00007dd0    0000000c     (__TI_handler_table)
                  00007ddc    00000004     --HOLE-- [fill = 0]
                  00007de0    00000008     (.cinit..bss.load) [load image, compression = zero_init]
                  00007de8    00000010     (__TI_cinit_table)

.data      0    08001500    000000ac     UNINITIALIZED
                  08001500    00000040     sys_main.obj (.data:rx_data)
                  08001540    00000040     sys_main.obj (.data:tx_data)
                  08001580    00000018     sys_main.obj (.data)
                  08001598    0000000c     rtsv7R4_T_be_v3D16_eabi.lib : exit.obj (.data:$O1$$)
                  080015a4    00000008                                 : _lock.obj (.data:$O1$$)

.bss       0    080015ac    00000028     UNINITIALIZED
                  080015ac    00000028     sci.obj (.bss:g_sciTransfer_t)

MODULE SUMMARY

       Module                     code    ro data   rw data
       ------                     ----    -------   -------
    .\source\
       sys_selftest.obj           11484   0         0      
       can.obj                    4132    32        0      
       sys_vim.obj                3364    512       0      
       system.obj                 2856    0         0      
       pinmux.obj                 2220    0         0      
       sci.obj                    1976    0         40     
       esm.obj                    1772    0         0      
       sys_main.obj               748     0         152    
       sys_core.obj               844     0         0      
       sys_startup.obj            636     0         0      
       dabort.obj                 232     0         0      
       sys_pmu.obj                224     0         0      
       notification.obj           188     0         0      
       sys_intvecs.obj            32      0         0      
       sys_phantom.obj            4       0         0      
    +--+--------------------------+-------+---------+---------+
       Total:                     30712   544       192    
                                                           
    C:/ti/ccsv7/tools/compiler/ti-cgt-arm_16.9.1.LTS/lib/rtsv7R4_T_be_v3D16_eabi.lib
       s_floor.obj                224     0         0      
       memcpy_t2.obj              156     0         0      
       memset_t2.obj              122     0         0      
       autoinit.obj               112     0         0      
       copy_decompress_lzss.obj   108     0         0      
       exit.obj                   80      0         12     
       cpy_tbl.obj                76      0         0      
       _lock.obj                  20      0         8      
       copy_decompress_none.obj   14      0         0      
       copy_zero_init.obj         12      0         0      
       startup.obj                2       0         0      
    +--+--------------------------+-------+---------+---------+
       Total:                     926     0         20     
                                                           
       Linker Generated:          0       60        0      
    +--+--------------------------+-------+---------+---------+
       Grand Total:               31638   604       212    


LINKER GENERATED COPY TABLES

__TI_cinit_table @ 00007de8 records: 2, size/record: 8, table size: 16
	.data: load addr=00007db8, load size=00000018 bytes, run addr=08001500, run size=000000ac bytes, compression=lzss
	.bss: load addr=00007de0, load size=00000008 bytes, run addr=080015ac, run size=00000028 bytes, compression=zero_init


LINKER GENERATED HANDLER TABLE

__TI_handler_table @ 00007dd0 records: 3, size/record: 4, table size: 12
	index: 0, handler: __TI_zero_init
	index: 1, handler: __TI_decompress_lzss
	index: 2, handler: __TI_decompress_none


GLOBAL SYMBOLS: SORTED ALPHABETICALLY BY Name 

address   name                                
-------   ----                                
00007ac9  C$$EXIT                             
UNDEFED   SHT$$INIT_ARRAY$$Base               
UNDEFED   SHT$$INIT_ARRAY$$Limit              
00007de8  __TI_CINIT_Base                     
00007df8  __TI_CINIT_Limit                    
00007dd0  __TI_Handler_Table_Base             
00007ddc  __TI_Handler_Table_Limit            
000068e8  __TI_PINIT_Base                     
000068ec  __TI_PINIT_Limit                    
000079ed  __TI_auto_init                      
08001598  __TI_cleanup_ptr                    
00007a5d  __TI_decompress_lzss                
00007b79  __TI_decompress_none                
0800159c  __TI_dtors_ptr                      
080015a0  __TI_enable_exit_profile_output     
ffffffff  __TI_pprof_out_hndl                 
ffffffff  __TI_prof_data_size                 
ffffffff  __TI_prof_data_start                
00000000  __TI_static_base__                  
00007b87  __TI_zero_init                      
00007971  __aeabi_memclr                      
00007971  __aeabi_memclr4                     
00007971  __aeabi_memclr8                     
000078d5  __aeabi_memcpy                      
000078d5  __aeabi_memcpy4                     
000078d5  __aeabi_memcpy8                     
00007973  __aeabi_memset                      
00007973  __aeabi_memset4                     
00007973  __aeabi_memset8                     
ffffffff  __binit__                           
ffffffff  __c_args__                          
000071e0  _c_int00                            
00006800  _coreClearAuxiliaryDataFault_       
00006814  _coreClearAuxiliaryInstructionFault_
000067d8  _coreClearDataFaultAddress_         
000067b0  _coreClearDataFault_                
000067ec  _coreClearInstructionFaultAddress_  
000067c4  _coreClearInstructionFault_         
00006744  _coreDisableEventBusExport_         
00006788  _coreDisableFlashEcc_               
00006764  _coreDisableRamEcc_                 
00006734  _coreEnableEventBusExport_          
00006774  _coreEnableFlashEcc_                
00006798  _coreEnableIrqVicOffset_            
00006754  _coreEnableRamEcc_                  
0000671c  _coreEnableVfp_                     
000067f8  _coreGetAuxiliaryDataFault_         
0000680c  _coreGetAuxiliaryInstructionFault_  
000067d0  _coreGetDataFaultAddress_           
000067a8  _coreGetDataFault_                  
000067e4  _coreGetInstructionFaultAddress_    
000067bc  _coreGetInstructionFault_           
000065a4  _coreInitRegisters_                 
000066b0  _coreInitStackPointer_              
00007570  _dabort                             
00006828  _disable_FIQ_interrupt_             
00006830  _disable_IRQ_interrupt_             
00006820  _disable_interrupt_                 
00006838  _enable_interrupt_                  
000068c8  _errata_CORTEXR4_57_                
000068d8  _errata_CORTEXR4_66_                
00006840  _esmCcmErrorsClear_                 
000066fc  _getCPSRValue_                      
00006704  _gotoCPUIdle_                       
080015a4  _lock                               
00007b73  _nop                                
00007794  _pmuDisableCountersGlobal_          
00007784  _pmuEnableCountersGlobal_           
000077f0  _pmuGetCycleCount_                  
000077f8  _pmuGetEventCount_                  
00007804  _pmuGetOverflow_                    
00007738  _pmuInit_                           
000077c4  _pmuResetCounters_                  
000077a4  _pmuResetCycleCounter_              
000077b4  _pmuResetEventCounters_             
000077e4  _pmuSetCountEvent_                  
000077d4  _pmuStartCounters_                  
000077dc  _pmuStopCounters_                   
00007b6b  _register_lock                      
00007b65  _register_unlock                    
000079eb  _system_post_cinit                  
080015a8  _unlock                             
00007acd  abort                               
0000126c  adc1ParityCheck                     
00001358  adc2ParityCheck                     
ffffffff  binit                               
00003698  can1GetConfigValue                  
000068f0  can1HighLevelInterrupt              
000069d8  can1LowLevelInterrupt               
00001410  can1ParityCheck                     
000037f0  can2GetConfigValue                  
00006a74  can2HighLevelInterrupt              
00006b5c  can2LowLevelInterrupt               
000014e8  can2ParityCheck                     
000015b0  can3ParityCheck                     
00003538  canDisableErrorNotification         
00003518  canDisableStatusChangeNotification  
00003590  canDisableloopback                  
000034d8  canEnableErrorNotification          
000034f8  canEnableStatusChangeNotification   
00003558  canEnableloopback                   
00007870  canErrorNotification                
00003280  canFillMessageObjectData            
00002fa8  canGetData                          
000034b4  canGetErrorLevel                    
00003100  canGetID                            
00003490  canGetLastError                     
00002cfc  canInit                             
0000367c  canIoRxGetBit                       
000035c0  canIoSetDirection                   
00003610  canIoSetPort                        
00003660  canIoTxGetBit                       
00003434  canIsMessageBoxValid                
000033d8  canIsRxMessageArrived               
0000337c  canIsTxMessagePending               
00006e48  canMessageNotification              
000031e0  canSendRemoteFrame                  
00007884  canStatusChangeNotification         
00002eac  canTransmit                         
00003168  canUpdateID                         
00000030  ccmSelfCheck                        
000026fc  ccmr4GetConfigValue                 
00000938  checkB0RAMECC                       
00000b28  checkB1RAMECC                       
00001c18  checkClockMonitor                   
00000d18  checkFlashECC                       
00001cf4  checkFlashEEPROMECC                 
00001e8c  checkPLL1Slip                       
00001f8c  checkPLL2Slip                       
00002050  checkRAMAddrParity                  
000019d0  checkRAMECC                         
0000215c  checkRAMUERRTest                    
000007bc  checkefcSelfTest                    
08001580  cnt                                 
00007b19  copy_in                             
00000234  cpuSelfTest                         
00000dfc  cpuSelfTestFail                     
00000df4  custom_dabort                       
00002b58  disableParity                       
000078c0  dmaGroupANotification               
00000eac  dmaParityCheck                      
08001594  dptr                                
00006db0  dumpSomeData                        
00000660  efcCheck                            
00002660  efcGetConfigValue                   
00000794  efcSelfTest                         
000006e8  efcStuckZeroTest                    
00002ad0  enableParity                        
0000276c  errata_PBIST_4                      
08001584  error                               
00006158  esmActivateNormalOperation          
0000623c  esmClearStatus                      
00006280  esmClearStatusBuffer                
0000611c  esmDisableError                     
00006194  esmDisableInterrupt                 
000060f0  esmEnableError                      
00006168  esmEnableInterrupt                  
00006378  esmEnterSelfTest                    
000060d4  esmError                            
00006450  esmGetConfigValue                   
000062bc  esmGetStatus                        
00006340  esmGetStatusBuffer                  
00007818  esmGroup1Notification               
00007828  esmGroup2Notification               
0000745c  esmHighInterrupt                    
00005fcc  esmInit                             
00006400  esmSelfTestStatus                   
0000629c  esmSetCounterPreloadValue           
000061c0  esmSetInterruptLevel                
00006148  esmTriggerErrorPinReset             
00007ad5  exit                                
00007659  floor                               
00007659  floorl                              
000022c4  fmcBus1ParityCheck                  
0000085c  fmcBus2Check                        
00000898  fmcECCcheck                         
00000f58  het1ParityCheck                     
000010c0  het2ParityCheck                     
00001004  htu1ParityCheck                     
000011bc  htu2ParityCheck                     
00006c28  main                                
00003b24  mapClocks                           
000078d5  memcpy                              
00000174  memoryInit                          
00007838  memoryPort0TestFailNotification     
00007854  memoryPort1TestFailNotification     
00007979  memset                              
00001684  mibspi1ParityCheck                  
0000178c  mibspi3ParityCheck                  
000018b0  mibspi5ParityCheck                  
00004f68  muxInit                             
000023ec  pbistFail                           
00002470  pbistGetConfigValue                 
000005a8  pbistIsTestCompleted                
000005d4  pbistIsTestPassed                   
00000608  pbistPortTestStatus                 
000004ac  pbistRun                            
000002cc  pbistSelfCheck                      
00000578  pbistStop                           
00003ad0  periphInit                          
00007b94  phantomInterrupt                    
00005404  pinmuxGetConfigValue                
00000000  resetEntry                          
08001500  rx_data                             
08001590  rx_ptr                              
00005cdc  sciDisableLoopback                  
00005d68  sciDisableNotification              
00005ca8  sciEnableLoopback                   
00005d00  sciEnableNotification               
00005dd0  sciEnterResetState                  
00005df0  sciExitResetState                   
00005814  sciInit                             
00005b58  sciIsIdleDetected                   
00005b3c  sciIsRxReady                        
000059bc  sciIsTxReady                        
000078ac  sciNotification                     
00005bd0  sciReceive                          
00005ba4  sciReceiveByte                      
00005b74  sciRxError                          
00005a08  sciSend                             
000059d8  sciSendByte                         
00005920  sciSetBaudrate                      
00005900  sciSetFunctional                    
00005e10  scilinGetConfigValue                
00000020  selftestFailNotification            
00003a90  setupFlash                          
000039e8  setupPLL                            
00004308  sramGetConfigValue                  
000025bc  stcGetConfigValue                   
000001b8  stcSelfCheck                        
00000df8  stcSelfCheckFail                    
00003d48  systemGetConfigValue                
00003c4c  systemInit                          
00003d18  systemPowerDown                     
0000415c  tcmflashGetConfigValue              
00003a48  trimLPO                             
08001540  tx_data                             
08001588  tx_done                             
0800158c  tx_ptr                              
000045e4  vimChannelMap                       
00004850  vimDisableInterrupt                 
00004688  vimEnableInterrupt                  
000048fc  vimGetConfigValue                   
00004510  vimInit                             
00000e00  vimParityCheck                      
00006f14  vimParityErrorHandler               


GLOBAL SYMBOLS: SORTED BY Symbol Address 

address   name                                
-------   ----                                
00000000  __TI_static_base__                  
00000000  resetEntry                          
00000020  selftestFailNotification            
00000030  ccmSelfCheck                        
00000174  memoryInit                          
000001b8  stcSelfCheck                        
00000234  cpuSelfTest                         
000002cc  pbistSelfCheck                      
000004ac  pbistRun                            
00000578  pbistStop                           
000005a8  pbistIsTestCompleted                
000005d4  pbistIsTestPassed                   
00000608  pbistPortTestStatus                 
00000660  efcCheck                            
000006e8  efcStuckZeroTest                    
00000794  efcSelfTest                         
000007bc  checkefcSelfTest                    
0000085c  fmcBus2Check                        
00000898  fmcECCcheck                         
00000938  checkB0RAMECC                       
00000b28  checkB1RAMECC                       
00000d18  checkFlashECC                       
00000df4  custom_dabort                       
00000df8  stcSelfCheckFail                    
00000dfc  cpuSelfTestFail                     
00000e00  vimParityCheck                      
00000eac  dmaParityCheck                      
00000f58  het1ParityCheck                     
00001004  htu1ParityCheck                     
000010c0  het2ParityCheck                     
000011bc  htu2ParityCheck                     
0000126c  adc1ParityCheck                     
00001358  adc2ParityCheck                     
00001410  can1ParityCheck                     
000014e8  can2ParityCheck                     
000015b0  can3ParityCheck                     
00001684  mibspi1ParityCheck                  
0000178c  mibspi3ParityCheck                  
000018b0  mibspi5ParityCheck                  
000019d0  checkRAMECC                         
00001c18  checkClockMonitor                   
00001cf4  checkFlashEEPROMECC                 
00001e8c  checkPLL1Slip                       
00001f8c  checkPLL2Slip                       
00002050  checkRAMAddrParity                  
0000215c  checkRAMUERRTest                    
000022c4  fmcBus1ParityCheck                  
000023ec  pbistFail                           
00002470  pbistGetConfigValue                 
000025bc  stcGetConfigValue                   
00002660  efcGetConfigValue                   
000026fc  ccmr4GetConfigValue                 
0000276c  errata_PBIST_4                      
00002ad0  enableParity                        
00002b58  disableParity                       
00002cfc  canInit                             
00002eac  canTransmit                         
00002fa8  canGetData                          
00003100  canGetID                            
00003168  canUpdateID                         
000031e0  canSendRemoteFrame                  
00003280  canFillMessageObjectData            
0000337c  canIsTxMessagePending               
000033d8  canIsRxMessageArrived               
00003434  canIsMessageBoxValid                
00003490  canGetLastError                     
000034b4  canGetErrorLevel                    
000034d8  canEnableErrorNotification          
000034f8  canEnableStatusChangeNotification   
00003518  canDisableStatusChangeNotification  
00003538  canDisableErrorNotification         
00003558  canEnableloopback                   
00003590  canDisableloopback                  
000035c0  canIoSetDirection                   
00003610  canIoSetPort                        
00003660  canIoTxGetBit                       
0000367c  canIoRxGetBit                       
00003698  can1GetConfigValue                  
000037f0  can2GetConfigValue                  
000039e8  setupPLL                            
00003a48  trimLPO                             
00003a90  setupFlash                          
00003ad0  periphInit                          
00003b24  mapClocks                           
00003c4c  systemInit                          
00003d18  systemPowerDown                     
00003d48  systemGetConfigValue                
0000415c  tcmflashGetConfigValue              
00004308  sramGetConfigValue                  
00004510  vimInit                             
000045e4  vimChannelMap                       
00004688  vimEnableInterrupt                  
00004850  vimDisableInterrupt                 
000048fc  vimGetConfigValue                   
00004f68  muxInit                             
00005404  pinmuxGetConfigValue                
00005814  sciInit                             
00005900  sciSetFunctional                    
00005920  sciSetBaudrate                      
000059bc  sciIsTxReady                        
000059d8  sciSendByte                         
00005a08  sciSend                             
00005b3c  sciIsRxReady                        
00005b58  sciIsIdleDetected                   
00005b74  sciRxError                          
00005ba4  sciReceiveByte                      
00005bd0  sciReceive                          
00005ca8  sciEnableLoopback                   
00005cdc  sciDisableLoopback                  
00005d00  sciEnableNotification               
00005d68  sciDisableNotification              
00005dd0  sciEnterResetState                  
00005df0  sciExitResetState                   
00005e10  scilinGetConfigValue                
00005fcc  esmInit                             
000060d4  esmError                            
000060f0  esmEnableError                      
0000611c  esmDisableError                     
00006148  esmTriggerErrorPinReset             
00006158  esmActivateNormalOperation          
00006168  esmEnableInterrupt                  
00006194  esmDisableInterrupt                 
000061c0  esmSetInterruptLevel                
0000623c  esmClearStatus                      
00006280  esmClearStatusBuffer                
0000629c  esmSetCounterPreloadValue           
000062bc  esmGetStatus                        
00006340  esmGetStatusBuffer                  
00006378  esmEnterSelfTest                    
00006400  esmSelfTestStatus                   
00006450  esmGetConfigValue                   
000065a4  _coreInitRegisters_                 
000066b0  _coreInitStackPointer_              
000066fc  _getCPSRValue_                      
00006704  _gotoCPUIdle_                       
0000671c  _coreEnableVfp_                     
00006734  _coreEnableEventBusExport_          
00006744  _coreDisableEventBusExport_         
00006754  _coreEnableRamEcc_                  
00006764  _coreDisableRamEcc_                 
00006774  _coreEnableFlashEcc_                
00006788  _coreDisableFlashEcc_               
00006798  _coreEnableIrqVicOffset_            
000067a8  _coreGetDataFault_                  
000067b0  _coreClearDataFault_                
000067bc  _coreGetInstructionFault_           
000067c4  _coreClearInstructionFault_         
000067d0  _coreGetDataFaultAddress_           
000067d8  _coreClearDataFaultAddress_         
000067e4  _coreGetInstructionFaultAddress_    
000067ec  _coreClearInstructionFaultAddress_  
000067f8  _coreGetAuxiliaryDataFault_         
00006800  _coreClearAuxiliaryDataFault_       
0000680c  _coreGetAuxiliaryInstructionFault_  
00006814  _coreClearAuxiliaryInstructionFault_
00006820  _disable_interrupt_                 
00006828  _disable_FIQ_interrupt_             
00006830  _disable_IRQ_interrupt_             
00006838  _enable_interrupt_                  
00006840  _esmCcmErrorsClear_                 
000068c8  _errata_CORTEXR4_57_                
000068d8  _errata_CORTEXR4_66_                
000068e8  __TI_PINIT_Base                     
000068ec  __TI_PINIT_Limit                    
000068f0  can1HighLevelInterrupt              
000069d8  can1LowLevelInterrupt               
00006a74  can2HighLevelInterrupt              
00006b5c  can2LowLevelInterrupt               
00006c28  main                                
00006db0  dumpSomeData                        
00006e48  canMessageNotification              
00006f14  vimParityErrorHandler               
000071e0  _c_int00                            
0000745c  esmHighInterrupt                    
00007570  _dabort                             
00007659  floor                               
00007659  floorl                              
00007738  _pmuInit_                           
00007784  _pmuEnableCountersGlobal_           
00007794  _pmuDisableCountersGlobal_          
000077a4  _pmuResetCycleCounter_              
000077b4  _pmuResetEventCounters_             
000077c4  _pmuResetCounters_                  
000077d4  _pmuStartCounters_                  
000077dc  _pmuStopCounters_                   
000077e4  _pmuSetCountEvent_                  
000077f0  _pmuGetCycleCount_                  
000077f8  _pmuGetEventCount_                  
00007804  _pmuGetOverflow_                    
00007818  esmGroup1Notification               
00007828  esmGroup2Notification               
00007838  memoryPort0TestFailNotification     
00007854  memoryPort1TestFailNotification     
00007870  canErrorNotification                
00007884  canStatusChangeNotification         
000078ac  sciNotification                     
000078c0  dmaGroupANotification               
000078d5  __aeabi_memcpy                      
000078d5  __aeabi_memcpy4                     
000078d5  __aeabi_memcpy8                     
000078d5  memcpy                              
00007971  __aeabi_memclr                      
00007971  __aeabi_memclr4                     
00007971  __aeabi_memclr8                     
00007973  __aeabi_memset                      
00007973  __aeabi_memset4                     
00007973  __aeabi_memset8                     
00007979  memset                              
000079eb  _system_post_cinit                  
000079ed  __TI_auto_init                      
00007a5d  __TI_decompress_lzss                
00007ac9  C$$EXIT                             
00007acd  abort                               
00007ad5  exit                                
00007b19  copy_in                             
00007b65  _register_unlock                    
00007b6b  _register_lock                      
00007b73  _nop                                
00007b79  __TI_decompress_none                
00007b87  __TI_zero_init                      
00007b94  phantomInterrupt                    
00007dd0  __TI_Handler_Table_Base             
00007ddc  __TI_Handler_Table_Limit            
00007de8  __TI_CINIT_Base                     
00007df8  __TI_CINIT_Limit                    
08001500  rx_data                             
08001540  tx_data                             
08001580  cnt                                 
08001584  error                               
08001588  tx_done                             
0800158c  tx_ptr                              
08001590  rx_ptr                              
08001594  dptr                                
08001598  __TI_cleanup_ptr                    
0800159c  __TI_dtors_ptr                      
080015a0  __TI_enable_exit_profile_output     
080015a4  _lock                               
080015a8  _unlock                             
ffffffff  __TI_pprof_out_hndl                 
ffffffff  __TI_prof_data_size                 
ffffffff  __TI_prof_data_start                
ffffffff  __binit__                           
ffffffff  __c_args__                          
ffffffff  binit                               
UNDEFED   SHT$$INIT_ARRAY$$Base               
UNDEFED   SHT$$INIT_ARRAY$$Limit              

[246 symbols]
