<?xml version="1.0"?>
<link_info>
   <banner>TI ARM Linker PC v16.9.1.LTS</banner>
   <copyright>Copyright (c) 1996-2015 Texas Instruments Incorporated</copyright>
   <link_time>0x5b21b846</link_time>
   <link_errors>0x0</link_errors>
   <output_file>CAN.out</output_file>
   <entry_point>
      <name>_c_int00</name>
      <address>0x71e0</address>
   </entry_point>
   <input_file_list>
      <input_file id="fl-2">
         <path>.\source\</path>
         <kind>object</kind>
         <file>can.obj</file>
         <name>can.obj</name>
      </input_file>
      <input_file id="fl-3">
         <path>.\source\</path>
         <kind>object</kind>
         <file>dabort.obj</file>
         <name>dabort.obj</name>
      </input_file>
      <input_file id="fl-4">
         <path>.\source\</path>
         <kind>object</kind>
         <file>esm.obj</file>
         <name>esm.obj</name>
      </input_file>
      <input_file id="fl-5">
         <path>.\source\</path>
         <kind>object</kind>
         <file>notification.obj</file>
         <name>notification.obj</name>
      </input_file>
      <input_file id="fl-6">
         <path>.\source\</path>
         <kind>object</kind>
         <file>pinmux.obj</file>
         <name>pinmux.obj</name>
      </input_file>
      <input_file id="fl-7">
         <path>.\source\</path>
         <kind>object</kind>
         <file>sci.obj</file>
         <name>sci.obj</name>
      </input_file>
      <input_file id="fl-8">
         <path>.\source\</path>
         <kind>object</kind>
         <file>sys_core.obj</file>
         <name>sys_core.obj</name>
      </input_file>
      <input_file id="fl-9">
         <path>.\source\</path>
         <kind>object</kind>
         <file>sys_dma.obj</file>
         <name>sys_dma.obj</name>
      </input_file>
      <input_file id="fl-a">
         <path>.\source\</path>
         <kind>object</kind>
         <file>sys_intvecs.obj</file>
         <name>sys_intvecs.obj</name>
      </input_file>
      <input_file id="fl-b">
         <path>.\source\</path>
         <kind>object</kind>
         <file>sys_main.obj</file>
         <name>sys_main.obj</name>
      </input_file>
      <input_file id="fl-c">
         <path>.\source\</path>
         <kind>object</kind>
         <file>sys_mpu.obj</file>
         <name>sys_mpu.obj</name>
      </input_file>
      <input_file id="fl-d">
         <path>.\source\</path>
         <kind>object</kind>
         <file>sys_pcr.obj</file>
         <name>sys_pcr.obj</name>
      </input_file>
      <input_file id="fl-e">
         <path>.\source\</path>
         <kind>object</kind>
         <file>sys_phantom.obj</file>
         <name>sys_phantom.obj</name>
      </input_file>
      <input_file id="fl-f">
         <path>.\source\</path>
         <kind>object</kind>
         <file>sys_pmm.obj</file>
         <name>sys_pmm.obj</name>
      </input_file>
      <input_file id="fl-10">
         <path>.\source\</path>
         <kind>object</kind>
         <file>sys_pmu.obj</file>
         <name>sys_pmu.obj</name>
      </input_file>
      <input_file id="fl-11">
         <path>.\source\</path>
         <kind>object</kind>
         <file>sys_selftest.obj</file>
         <name>sys_selftest.obj</name>
      </input_file>
      <input_file id="fl-12">
         <path>.\source\</path>
         <kind>object</kind>
         <file>sys_startup.obj</file>
         <name>sys_startup.obj</name>
      </input_file>
      <input_file id="fl-13">
         <path>.\source\</path>
         <kind>object</kind>
         <file>sys_vim.obj</file>
         <name>sys_vim.obj</name>
      </input_file>
      <input_file id="fl-14">
         <path>.\source\</path>
         <kind>object</kind>
         <file>system.obj</file>
         <name>system.obj</name>
      </input_file>
      <input_file id="fl-19">
         <path>C:\ti\ccsv7\tools\compiler\ti-cgt-arm_16.9.1.LTS\lib\</path>
         <kind>archive</kind>
         <file>rtsv7R4_T_be_v3D16_eabi.lib</file>
         <name>autoinit.obj</name>
      </input_file>
      <input_file id="fl-1a">
         <path>C:\ti\ccsv7\tools\compiler\ti-cgt-arm_16.9.1.LTS\lib\</path>
         <kind>archive</kind>
         <file>rtsv7R4_T_be_v3D16_eabi.lib</file>
         <name>copy_decompress_lzss.obj</name>
      </input_file>
      <input_file id="fl-1b">
         <path>C:\ti\ccsv7\tools\compiler\ti-cgt-arm_16.9.1.LTS\lib\</path>
         <kind>archive</kind>
         <file>rtsv7R4_T_be_v3D16_eabi.lib</file>
         <name>copy_decompress_none.obj</name>
      </input_file>
      <input_file id="fl-1c">
         <path>C:\ti\ccsv7\tools\compiler\ti-cgt-arm_16.9.1.LTS\lib\</path>
         <kind>archive</kind>
         <file>rtsv7R4_T_be_v3D16_eabi.lib</file>
         <name>copy_zero_init.obj</name>
      </input_file>
      <input_file id="fl-1d">
         <path>C:\ti\ccsv7\tools\compiler\ti-cgt-arm_16.9.1.LTS\lib\</path>
         <kind>archive</kind>
         <file>rtsv7R4_T_be_v3D16_eabi.lib</file>
         <name>cpy_tbl.obj</name>
      </input_file>
      <input_file id="fl-1e">
         <path>C:\ti\ccsv7\tools\compiler\ti-cgt-arm_16.9.1.LTS\lib\</path>
         <kind>archive</kind>
         <file>rtsv7R4_T_be_v3D16_eabi.lib</file>
         <name>exit.obj</name>
      </input_file>
      <input_file id="fl-1f">
         <path>C:\ti\ccsv7\tools\compiler\ti-cgt-arm_16.9.1.LTS\lib\</path>
         <kind>archive</kind>
         <file>rtsv7R4_T_be_v3D16_eabi.lib</file>
         <name>memcpy_t2.obj</name>
      </input_file>
      <input_file id="fl-20">
         <path>C:\ti\ccsv7\tools\compiler\ti-cgt-arm_16.9.1.LTS\lib\</path>
         <kind>archive</kind>
         <file>rtsv7R4_T_be_v3D16_eabi.lib</file>
         <name>memset_t2.obj</name>
      </input_file>
      <input_file id="fl-21">
         <path>C:\ti\ccsv7\tools\compiler\ti-cgt-arm_16.9.1.LTS\lib\</path>
         <kind>archive</kind>
         <file>rtsv7R4_T_be_v3D16_eabi.lib</file>
         <name>s_floor.obj</name>
      </input_file>
      <input_file id="fl-22">
         <path>C:\ti\ccsv7\tools\compiler\ti-cgt-arm_16.9.1.LTS\lib\</path>
         <kind>archive</kind>
         <file>rtsv7R4_T_be_v3D16_eabi.lib</file>
         <name>startup.obj</name>
      </input_file>
      <input_file id="fl-23">
         <path>C:\ti\ccsv7\tools\compiler\ti-cgt-arm_16.9.1.LTS\lib\</path>
         <kind>archive</kind>
         <file>rtsv7R4_T_be_v3D16_eabi.lib</file>
         <name>_lock.obj</name>
      </input_file>
   </input_file_list>
   <object_component_list>
      <object_component id="oc-34">
         <name>.intvecs</name>
         <load_address>0x0</load_address>
         <run_address>0x0</run_address>
         <size>0x20</size>
         <input_file_ref idref="fl-a"/>
      </object_component>
      <object_component id="oc-79">
         <name>.text</name>
         <load_address>0x20</load_address>
         <run_address>0x20</run_address>
         <size>0x2cdc</size>
         <input_file_ref idref="fl-11"/>
      </object_component>
      <object_component id="oc-fc">
         <name>.text</name>
         <load_address>0x2cfc</load_address>
         <run_address>0x2cfc</run_address>
         <size>0xcec</size>
         <input_file_ref idref="fl-2"/>
      </object_component>
      <object_component id="oc-73">
         <name>.text</name>
         <load_address>0x39e8</load_address>
         <run_address>0x39e8</run_address>
         <size>0xb28</size>
         <input_file_ref idref="fl-14"/>
      </object_component>
      <object_component id="oc-40">
         <name>.text</name>
         <load_address>0x4510</load_address>
         <run_address>0x4510</run_address>
         <size>0xa58</size>
         <input_file_ref idref="fl-13"/>
      </object_component>
      <object_component id="oc-d2">
         <name>.text</name>
         <load_address>0x4f68</load_address>
         <run_address>0x4f68</run_address>
         <size>0x8ac</size>
         <input_file_ref idref="fl-6"/>
      </object_component>
      <object_component id="oc-f6">
         <name>.text</name>
         <load_address>0x5814</load_address>
         <run_address>0x5814</run_address>
         <size>0x7b8</size>
         <input_file_ref idref="fl-7"/>
      </object_component>
      <object_component id="oc-7f">
         <name>.text</name>
         <load_address>0x5fcc</load_address>
         <run_address>0x5fcc</run_address>
         <size>0x5d8</size>
         <input_file_ref idref="fl-4"/>
      </object_component>
      <object_component id="oc-6e">
         <name>.text</name>
         <load_address>0x65a4</load_address>
         <run_address>0x65a4</run_address>
         <size>0x34c</size>
         <input_file_ref idref="fl-8"/>
      </object_component>
      <object_component id="oc-25">
         <name>.text:retain</name>
         <load_address>0x68f0</load_address>
         <run_address>0x68f0</run_address>
         <size>0x338</size>
         <input_file_ref idref="fl-2"/>
      </object_component>
      <object_component id="oc-8b">
         <name>.text</name>
         <load_address>0x6c28</load_address>
         <run_address>0x6c28</run_address>
         <size>0x2ec</size>
         <input_file_ref idref="fl-b"/>
      </object_component>
      <object_component id="oc-3f">
         <name>.text:retain</name>
         <load_address>0x6f14</load_address>
         <run_address>0x6f14</run_address>
         <size>0x2cc</size>
         <input_file_ref idref="fl-13"/>
      </object_component>
      <object_component id="oc-1f">
         <name>.text:retain</name>
         <load_address>0x71e0</load_address>
         <run_address>0x71e0</run_address>
         <size>0x27c</size>
         <input_file_ref idref="fl-12"/>
      </object_component>
      <object_component id="oc-2e">
         <name>.text:retain</name>
         <load_address>0x745c</load_address>
         <run_address>0x745c</run_address>
         <size>0x114</size>
         <input_file_ref idref="fl-4"/>
      </object_component>
      <object_component id="oc-a8">
         <name>.text</name>
         <load_address>0x7570</load_address>
         <run_address>0x7570</run_address>
         <size>0xe8</size>
         <input_file_ref idref="fl-3"/>
      </object_component>
      <object_component id="oc-1a4">
         <name>.text</name>
         <load_address>0x7658</load_address>
         <run_address>0x7658</run_address>
         <size>0xe0</size>
         <input_file_ref idref="fl-21"/>
      </object_component>
      <object_component id="oc-da">
         <name>.text</name>
         <load_address>0x7738</load_address>
         <run_address>0x7738</run_address>
         <size>0xe0</size>
         <input_file_ref idref="fl-10"/>
      </object_component>
      <object_component id="oc-98">
         <name>.text</name>
         <load_address>0x7818</load_address>
         <run_address>0x7818</run_address>
         <size>0xbc</size>
         <input_file_ref idref="fl-5"/>
      </object_component>
      <object_component id="oc-56">
         <name>.text</name>
         <load_address>0x78d4</load_address>
         <run_address>0x78d4</run_address>
         <size>0x9c</size>
         <input_file_ref idref="fl-1f"/>
      </object_component>
      <object_component id="oc-62">
         <name>.text</name>
         <load_address>0x7970</load_address>
         <run_address>0x7970</run_address>
         <size>0x7a</size>
         <input_file_ref idref="fl-20"/>
      </object_component>
      <object_component id="oc-ee">
         <name>.text</name>
         <load_address>0x79ea</load_address>
         <run_address>0x79ea</run_address>
         <size>0x2</size>
         <input_file_ref idref="fl-22"/>
      </object_component>
      <object_component id="oc-85">
         <name>.text</name>
         <load_address>0x79ec</load_address>
         <run_address>0x79ec</run_address>
         <size>0x70</size>
         <input_file_ref idref="fl-19"/>
      </object_component>
      <object_component id="oc-d">
         <name>.text:decompress:lzss</name>
         <load_address>0x7a5c</load_address>
         <run_address>0x7a5c</run_address>
         <size>0x6c</size>
         <input_file_ref idref="fl-1a"/>
      </object_component>
      <object_component id="oc-91">
         <name>.text</name>
         <load_address>0x7ac8</load_address>
         <run_address>0x7ac8</run_address>
         <size>0x50</size>
         <input_file_ref idref="fl-1e"/>
      </object_component>
      <object_component id="oc-e8">
         <name>.text</name>
         <load_address>0x7b18</load_address>
         <run_address>0x7b18</run_address>
         <size>0x4c</size>
         <input_file_ref idref="fl-1d"/>
      </object_component>
      <object_component id="oc-1c7">
         <name>.text</name>
         <load_address>0x7b64</load_address>
         <run_address>0x7b64</run_address>
         <size>0x14</size>
         <input_file_ref idref="fl-23"/>
      </object_component>
      <object_component id="oc-13">
         <name>.text:decompress:none</name>
         <load_address>0x7b78</load_address>
         <run_address>0x7b78</run_address>
         <size>0xe</size>
         <input_file_ref idref="fl-1b"/>
      </object_component>
      <object_component id="oc-19">
         <name>.text:decompress:ZI</name>
         <load_address>0x7b86</load_address>
         <run_address>0x7b86</run_address>
         <size>0xc</size>
         <input_file_ref idref="fl-1c"/>
      </object_component>
      <object_component id="oc-39">
         <name>.text:retain</name>
         <load_address>0x7b94</load_address>
         <run_address>0x7b94</run_address>
         <size>0x4</size>
         <input_file_ref idref="fl-e"/>
      </object_component>
      <object_component id="oc-2b">
         <name>.const:s_vim_init</name>
         <load_address>0x7b98</load_address>
         <run_address>0x7b98</run_address>
         <size>0x200</size>
         <input_file_ref idref="fl-13"/>
      </object_component>
      <object_component id="oc-1af">
         <name>.const:s_canByteOrder</name>
         <load_address>0x7d98</load_address>
         <run_address>0x7d98</run_address>
         <size>0x20</size>
         <input_file_ref idref="fl-2"/>
      </object_component>
      <object_component id="oc-233">
         <name>.cinit..data.load</name>
         <load_address>0x7db8</load_address>
         <run_address>0x7db8</run_address>
         <size>0x18</size>
      </object_component>
      <object_component id="oc-230">
         <name>__TI_handler_table</name>
         <load_address>0x7dd0</load_address>
         <run_address>0x7dd0</run_address>
         <size>0xc</size>
      </object_component>
      <object_component id="oc-232">
         <name>.cinit..bss.load</name>
         <load_address>0x7de0</load_address>
         <run_address>0x7de0</run_address>
         <size>0x8</size>
      </object_component>
      <object_component id="oc-231">
         <name>__TI_cinit_table</name>
         <load_address>0x7de8</load_address>
         <run_address>0x7de8</run_address>
         <size>0x10</size>
      </object_component>
      <object_component id="oc-1aa">
         <name>.bss:g_sciTransfer_t</name>
         <uninitialized>true</uninitialized>
         <run_address>0x80015ac</run_address>
         <size>0x28</size>
         <input_file_ref idref="fl-7"/>
      </object_component>
      <object_component id="oc-102">
         <name>.data</name>
         <load_address>0x8001580</load_address>
         <run_address>0x8001580</run_address>
         <size>0x18</size>
         <input_file_ref idref="fl-b"/>
      </object_component>
      <object_component id="oc-105">
         <name>.data:tx_data</name>
         <load_address>0x8001540</load_address>
         <run_address>0x8001540</run_address>
         <size>0x40</size>
         <input_file_ref idref="fl-b"/>
      </object_component>
      <object_component id="oc-108">
         <name>.data:rx_data</name>
         <load_address>0x8001500</load_address>
         <run_address>0x8001500</run_address>
         <size>0x40</size>
         <input_file_ref idref="fl-b"/>
      </object_component>
      <object_component id="oc-112">
         <name>.data:$O1$$</name>
         <load_address>0x8001598</load_address>
         <run_address>0x8001598</run_address>
         <size>0xc</size>
         <input_file_ref idref="fl-1e"/>
      </object_component>
      <object_component id="oc-115">
         <name>.data:$O1$$</name>
         <load_address>0x80015a4</load_address>
         <run_address>0x80015a4</run_address>
         <size>0x8</size>
         <input_file_ref idref="fl-23"/>
      </object_component>
      <object_component id="oc-14d">
         <name>.debug_info</name>
         <load_address>0x0</load_address>
         <run_address>0x0</run_address>
         <size>0x238</size>
         <input_file_ref idref="fl-2"/>
      </object_component>
      <object_component id="oc-1b0">
         <name>.debug_info</name>
         <load_address>0x238</load_address>
         <run_address>0x238</run_address>
         <size>0xe9</size>
         <input_file_ref idref="fl-2"/>
      </object_component>
      <object_component id="oc-fd">
         <name>.debug_info</name>
         <load_address>0x321</load_address>
         <run_address>0x321</run_address>
         <size>0x146c</size>
         <input_file_ref idref="fl-2"/>
      </object_component>
      <object_component id="oc-26">
         <name>.debug_info</name>
         <load_address>0x178d</load_address>
         <run_address>0x178d</run_address>
         <size>0x403</size>
         <input_file_ref idref="fl-2"/>
      </object_component>
      <object_component id="oc-9f">
         <name>.debug_info</name>
         <load_address>0x1b90</load_address>
         <run_address>0x1b90</run_address>
         <size>0x157</size>
         <input_file_ref idref="fl-2"/>
      </object_component>
      <object_component id="oc-10c">
         <name>.debug_info</name>
         <load_address>0x1ce7</load_address>
         <run_address>0x1ce7</run_address>
         <size>0x8b</size>
         <input_file_ref idref="fl-2"/>
      </object_component>
      <object_component id="oc-b0">
         <name>.debug_info</name>
         <load_address>0x1d72</load_address>
         <run_address>0x1d72</run_address>
         <size>0x18c</size>
         <input_file_ref idref="fl-2"/>
      </object_component>
      <object_component id="oc-122">
         <name>.debug_info</name>
         <load_address>0x1efe</load_address>
         <run_address>0x1efe</run_address>
         <size>0x18b</size>
         <input_file_ref idref="fl-2"/>
      </object_component>
      <object_component id="oc-b5">
         <name>.debug_info</name>
         <load_address>0x2089</load_address>
         <run_address>0x2089</run_address>
         <size>0x86</size>
         <input_file_ref idref="fl-2"/>
      </object_component>
      <object_component id="oc-163">
         <name>.debug_info</name>
         <load_address>0x210f</load_address>
         <run_address>0x210f</run_address>
         <size>0x437</size>
         <input_file_ref idref="fl-2"/>
      </object_component>
      <object_component id="oc-1b3">
         <name>.debug_info</name>
         <load_address>0x2546</load_address>
         <run_address>0x2546</run_address>
         <size>0x15f</size>
         <input_file_ref idref="fl-2"/>
      </object_component>
      <object_component id="oc-142">
         <name>.debug_info</name>
         <load_address>0x26a5</load_address>
         <run_address>0x26a5</run_address>
         <size>0x2d0</size>
         <input_file_ref idref="fl-2"/>
      </object_component>
      <object_component id="oc-a9">
         <name>.debug_info</name>
         <load_address>0x2975</load_address>
         <run_address>0x2975</run_address>
         <size>0x103</size>
         <input_file_ref idref="fl-3"/>
      </object_component>
      <object_component id="oc-e7">
         <name>.debug_info</name>
         <load_address>0x2a78</load_address>
         <run_address>0x2a78</run_address>
         <size>0x16b</size>
         <input_file_ref idref="fl-4"/>
      </object_component>
      <object_component id="oc-80">
         <name>.debug_info</name>
         <load_address>0x2be3</load_address>
         <run_address>0x2be3</run_address>
         <size>0xb2c</size>
         <input_file_ref idref="fl-4"/>
      </object_component>
      <object_component id="oc-2f">
         <name>.debug_info</name>
         <load_address>0x370f</load_address>
         <run_address>0x370f</run_address>
         <size>0x18c</size>
         <input_file_ref idref="fl-4"/>
      </object_component>
      <object_component id="oc-129">
         <name>.debug_info</name>
         <load_address>0x389b</load_address>
         <run_address>0x389b</run_address>
         <size>0x1de</size>
         <input_file_ref idref="fl-4"/>
      </object_component>
      <object_component id="oc-e2">
         <name>.debug_info</name>
         <load_address>0x3a79</load_address>
         <run_address>0x3a79</run_address>
         <size>0x129</size>
         <input_file_ref idref="fl-4"/>
      </object_component>
      <object_component id="oc-11c">
         <name>.debug_info</name>
         <load_address>0x3ba2</load_address>
         <run_address>0x3ba2</run_address>
         <size>0x2ef</size>
         <input_file_ref idref="fl-5"/>
      </object_component>
      <object_component id="oc-99">
         <name>.debug_info</name>
         <load_address>0x3e91</load_address>
         <run_address>0x3e91</run_address>
         <size>0x90d</size>
         <input_file_ref idref="fl-5"/>
      </object_component>
      <object_component id="oc-154">
         <name>.debug_info</name>
         <load_address>0x479e</load_address>
         <run_address>0x479e</run_address>
         <size>0x791</size>
         <input_file_ref idref="fl-5"/>
      </object_component>
      <object_component id="oc-159">
         <name>.debug_info</name>
         <load_address>0x4f2f</load_address>
         <run_address>0x4f2f</run_address>
         <size>0x4de</size>
         <input_file_ref idref="fl-5"/>
      </object_component>
      <object_component id="oc-15e">
         <name>.debug_info</name>
         <load_address>0x540d</load_address>
         <run_address>0x540d</run_address>
         <size>0x3ce</size>
         <input_file_ref idref="fl-5"/>
      </object_component>
      <object_component id="oc-1d5">
         <name>.debug_info</name>
         <load_address>0x57db</load_address>
         <run_address>0x57db</run_address>
         <size>0x7cd</size>
         <input_file_ref idref="fl-5"/>
      </object_component>
      <object_component id="oc-11d">
         <name>.debug_info</name>
         <load_address>0x5fa8</load_address>
         <run_address>0x5fa8</run_address>
         <size>0x673</size>
         <input_file_ref idref="fl-5"/>
      </object_component>
      <object_component id="oc-ca">
         <name>.debug_info</name>
         <load_address>0x661b</load_address>
         <run_address>0x661b</run_address>
         <size>0x2c</size>
         <input_file_ref idref="fl-5"/>
      </object_component>
      <object_component id="oc-18e">
         <name>.debug_info</name>
         <load_address>0x6647</load_address>
         <run_address>0x6647</run_address>
         <size>0x37b</size>
         <input_file_ref idref="fl-5"/>
      </object_component>
      <object_component id="oc-168">
         <name>.debug_info</name>
         <load_address>0x69c2</load_address>
         <run_address>0x69c2</run_address>
         <size>0x1ca</size>
         <input_file_ref idref="fl-5"/>
      </object_component>
      <object_component id="oc-12e">
         <name>.debug_info</name>
         <load_address>0x6b8c</load_address>
         <run_address>0x6b8c</run_address>
         <size>0x435</size>
         <input_file_ref idref="fl-5"/>
      </object_component>
      <object_component id="oc-181">
         <name>.debug_info</name>
         <load_address>0x6fc1</load_address>
         <run_address>0x6fc1</run_address>
         <size>0x551</size>
         <input_file_ref idref="fl-5"/>
      </object_component>
      <object_component id="oc-133">
         <name>.debug_info</name>
         <load_address>0x7512</load_address>
         <run_address>0x7512</run_address>
         <size>0x1f9</size>
         <input_file_ref idref="fl-5"/>
      </object_component>
      <object_component id="oc-16d">
         <name>.debug_info</name>
         <load_address>0x770b</load_address>
         <run_address>0x770b</run_address>
         <size>0x3d3</size>
         <input_file_ref idref="fl-5"/>
      </object_component>
      <object_component id="oc-177">
         <name>.debug_info</name>
         <load_address>0x7ade</load_address>
         <run_address>0x7ade</run_address>
         <size>0x1de</size>
         <input_file_ref idref="fl-5"/>
      </object_component>
      <object_component id="oc-1c0">
         <name>.debug_info</name>
         <load_address>0x7cbc</load_address>
         <run_address>0x7cbc</run_address>
         <size>0x243</size>
         <input_file_ref idref="fl-5"/>
      </object_component>
      <object_component id="oc-200">
         <name>.debug_info</name>
         <load_address>0x7eff</load_address>
         <run_address>0x7eff</run_address>
         <size>0x18e</size>
         <input_file_ref idref="fl-5"/>
      </object_component>
      <object_component id="oc-186">
         <name>.debug_info</name>
         <load_address>0x808d</load_address>
         <run_address>0x808d</run_address>
         <size>0x17a</size>
         <input_file_ref idref="fl-5"/>
      </object_component>
      <object_component id="oc-138">
         <name>.debug_info</name>
         <load_address>0x8207</load_address>
         <run_address>0x8207</run_address>
         <size>0x6a6</size>
         <input_file_ref idref="fl-5"/>
      </object_component>
      <object_component id="oc-13d">
         <name>.debug_info</name>
         <load_address>0x88ad</load_address>
         <run_address>0x88ad</run_address>
         <size>0x13e</size>
         <input_file_ref idref="fl-5"/>
      </object_component>
      <object_component id="oc-151">
         <name>.debug_info</name>
         <load_address>0x89eb</load_address>
         <run_address>0x89eb</run_address>
         <size>0xd5</size>
         <input_file_ref idref="fl-6"/>
      </object_component>
      <object_component id="oc-d3">
         <name>.debug_info</name>
         <load_address>0x8ac0</load_address>
         <run_address>0x8ac0</run_address>
         <size>0x1ea</size>
         <input_file_ref idref="fl-6"/>
      </object_component>
      <object_component id="oc-172">
         <name>.debug_info</name>
         <load_address>0x8caa</load_address>
         <run_address>0x8caa</run_address>
         <size>0x508</size>
         <input_file_ref idref="fl-6"/>
      </object_component>
      <object_component id="oc-1de">
         <name>.debug_info</name>
         <load_address>0x91b2</load_address>
         <run_address>0x91b2</run_address>
         <size>0x43c</size>
         <input_file_ref idref="fl-6"/>
      </object_component>
      <object_component id="oc-1ae">
         <name>.debug_info</name>
         <load_address>0x95ee</load_address>
         <run_address>0x95ee</run_address>
         <size>0x18a</size>
         <input_file_ref idref="fl-7"/>
      </object_component>
      <object_component id="oc-1ab">
         <name>.debug_info</name>
         <load_address>0x9778</load_address>
         <run_address>0x9778</run_address>
         <size>0xeb</size>
         <input_file_ref idref="fl-7"/>
      </object_component>
      <object_component id="oc-f7">
         <name>.debug_info</name>
         <load_address>0x9863</load_address>
         <run_address>0x9863</run_address>
         <size>0xc3b</size>
         <input_file_ref idref="fl-7"/>
      </object_component>
      <object_component id="oc-1fb">
         <name>.debug_info</name>
         <load_address>0xa49e</load_address>
         <run_address>0xa49e</run_address>
         <size>0x91</size>
         <input_file_ref idref="fl-7"/>
      </object_component>
      <object_component id="oc-6f">
         <name>.debug_info</name>
         <load_address>0xa52f</load_address>
         <run_address>0xa52f</run_address>
         <size>0x7f8</size>
         <input_file_ref idref="fl-8"/>
      </object_component>
      <object_component id="oc-35">
         <name>.debug_info</name>
         <load_address>0xad27</load_address>
         <run_address>0xad27</run_address>
         <size>0x10b</size>
         <input_file_ref idref="fl-a"/>
      </object_component>
      <object_component id="oc-111">
         <name>.debug_info</name>
         <load_address>0xae32</load_address>
         <run_address>0xae32</run_address>
         <size>0x2fa</size>
         <input_file_ref idref="fl-b"/>
      </object_component>
      <object_component id="oc-103">
         <name>.debug_info</name>
         <load_address>0xb12c</load_address>
         <run_address>0xb12c</run_address>
         <size>0x166</size>
         <input_file_ref idref="fl-b"/>
      </object_component>
      <object_component id="oc-106">
         <name>.debug_info</name>
         <load_address>0xb292</load_address>
         <run_address>0xb292</run_address>
         <size>0xe1</size>
         <input_file_ref idref="fl-b"/>
      </object_component>
      <object_component id="oc-109">
         <name>.debug_info</name>
         <load_address>0xb373</load_address>
         <run_address>0xb373</run_address>
         <size>0xe1</size>
         <input_file_ref idref="fl-b"/>
      </object_component>
      <object_component id="oc-8c">
         <name>.debug_info</name>
         <load_address>0xb454</load_address>
         <run_address>0xb454</run_address>
         <size>0x360</size>
         <input_file_ref idref="fl-b"/>
      </object_component>
      <object_component id="oc-1e3">
         <name>.debug_info</name>
         <load_address>0xb7b4</load_address>
         <run_address>0xb7b4</run_address>
         <size>0xf4</size>
         <input_file_ref idref="fl-d"/>
      </object_component>
      <object_component id="oc-20c">
         <name>.debug_info</name>
         <load_address>0xb8a8</load_address>
         <run_address>0xb8a8</run_address>
         <size>0x242</size>
         <input_file_ref idref="fl-d"/>
      </object_component>
      <object_component id="oc-17c">
         <name>.debug_info</name>
         <load_address>0xbaea</load_address>
         <run_address>0xbaea</run_address>
         <size>0x2af</size>
         <input_file_ref idref="fl-d"/>
      </object_component>
      <object_component id="oc-3a">
         <name>.debug_info</name>
         <load_address>0xbd99</load_address>
         <run_address>0xbd99</run_address>
         <size>0x13d</size>
         <input_file_ref idref="fl-e"/>
      </object_component>
      <object_component id="oc-db">
         <name>.debug_info</name>
         <load_address>0xbed6</load_address>
         <run_address>0xbed6</run_address>
         <size>0x36a</size>
         <input_file_ref idref="fl-10"/>
      </object_component>
      <object_component id="oc-e0">
         <name>.debug_info</name>
         <load_address>0xc240</load_address>
         <run_address>0xc240</run_address>
         <size>0x4c4</size>
         <input_file_ref idref="fl-11"/>
      </object_component>
      <object_component id="oc-7a">
         <name>.debug_info</name>
         <load_address>0xc704</load_address>
         <run_address>0xc704</run_address>
         <size>0x2e8f</size>
         <input_file_ref idref="fl-11"/>
      </object_component>
      <object_component id="oc-20">
         <name>.debug_info</name>
         <load_address>0xf593</load_address>
         <run_address>0xf593</run_address>
         <size>0x5a8</size>
         <input_file_ref idref="fl-12"/>
      </object_component>
      <object_component id="oc-a6">
         <name>.debug_info</name>
         <load_address>0xfb3b</load_address>
         <run_address>0xfb3b</run_address>
         <size>0x36c</size>
         <input_file_ref idref="fl-13"/>
      </object_component>
      <object_component id="oc-2c">
         <name>.debug_info</name>
         <load_address>0xfea7</load_address>
         <run_address>0xfea7</run_address>
         <size>0xe5</size>
         <input_file_ref idref="fl-13"/>
      </object_component>
      <object_component id="oc-41">
         <name>.debug_info</name>
         <load_address>0xff8c</load_address>
         <run_address>0xff8c</run_address>
         <size>0x477</size>
         <input_file_ref idref="fl-13"/>
      </object_component>
      <object_component id="oc-46">
         <name>.debug_info</name>
         <load_address>0x10403</load_address>
         <run_address>0x10403</run_address>
         <size>0x200</size>
         <input_file_ref idref="fl-13"/>
      </object_component>
      <object_component id="oc-147">
         <name>.debug_info</name>
         <load_address>0x10603</load_address>
         <run_address>0x10603</run_address>
         <size>0x4f</size>
         <input_file_ref idref="fl-13"/>
      </object_component>
      <object_component id="oc-d9">
         <name>.debug_info</name>
         <load_address>0x10652</load_address>
         <run_address>0x10652</run_address>
         <size>0x371</size>
         <input_file_ref idref="fl-14"/>
      </object_component>
      <object_component id="oc-74">
         <name>.debug_info</name>
         <load_address>0x109c3</load_address>
         <run_address>0x109c3</run_address>
         <size>0x736</size>
         <input_file_ref idref="fl-14"/>
      </object_component>
      <object_component id="oc-f5">
         <name>.debug_info</name>
         <load_address>0x110f9</load_address>
         <run_address>0x110f9</run_address>
         <size>0x2e9</size>
         <input_file_ref idref="fl-19"/>
      </object_component>
      <object_component id="oc-88">
         <name>.debug_info</name>
         <load_address>0x113e2</load_address>
         <run_address>0x113e2</run_address>
         <size>0x190</size>
         <input_file_ref idref="fl-19"/>
      </object_component>
      <object_component id="oc-51">
         <name>.debug_info</name>
         <load_address>0x11572</load_address>
         <run_address>0x11572</run_address>
         <size>0x84</size>
         <input_file_ref idref="fl-19"/>
      </object_component>
      <object_component id="oc-19a">
         <name>.debug_info</name>
         <load_address>0x115f6</load_address>
         <run_address>0x115f6</run_address>
         <size>0x39</size>
         <input_file_ref idref="fl-19"/>
      </object_component>
      <object_component id="oc-1eb">
         <name>.debug_info</name>
         <load_address>0x1162f</load_address>
         <run_address>0x1162f</run_address>
         <size>0x39</size>
         <input_file_ref idref="fl-19"/>
      </object_component>
      <object_component id="oc-19f">
         <name>.debug_info</name>
         <load_address>0x11668</load_address>
         <run_address>0x11668</run_address>
         <size>0xcd</size>
         <input_file_ref idref="fl-19"/>
      </object_component>
      <object_component id="oc-c0">
         <name>.debug_info</name>
         <load_address>0x11735</load_address>
         <run_address>0x11735</run_address>
         <size>0xf9</size>
         <input_file_ref idref="fl-1a"/>
      </object_component>
      <object_component id="oc-10">
         <name>.debug_info</name>
         <load_address>0x1182e</load_address>
         <run_address>0x1182e</run_address>
         <size>0x245</size>
         <input_file_ref idref="fl-1a"/>
      </object_component>
      <object_component id="oc-4c">
         <name>.debug_info</name>
         <load_address>0x11a73</load_address>
         <run_address>0x11a73</run_address>
         <size>0x60</size>
         <input_file_ref idref="fl-1a"/>
      </object_component>
      <object_component id="oc-bb">
         <name>.debug_info</name>
         <load_address>0x11ad3</load_address>
         <run_address>0x11ad3</run_address>
         <size>0x46</size>
         <input_file_ref idref="fl-1a"/>
      </object_component>
      <object_component id="oc-61">
         <name>.debug_info</name>
         <load_address>0x11b19</load_address>
         <run_address>0x11b19</run_address>
         <size>0x13b</size>
         <input_file_ref idref="fl-1b"/>
      </object_component>
      <object_component id="oc-17">
         <name>.debug_info</name>
         <load_address>0x11c54</load_address>
         <run_address>0x11c54</run_address>
         <size>0x1ca</size>
         <input_file_ref idref="fl-1b"/>
      </object_component>
      <object_component id="oc-5c">
         <name>.debug_info</name>
         <load_address>0x11e1e</load_address>
         <run_address>0x11e1e</run_address>
         <size>0x46</size>
         <input_file_ref idref="fl-1b"/>
      </object_component>
      <object_component id="oc-c2">
         <name>.debug_info</name>
         <load_address>0x11e64</load_address>
         <run_address>0x11e64</run_address>
         <size>0x2c</size>
         <input_file_ref idref="fl-1b"/>
      </object_component>
      <object_component id="oc-6d">
         <name>.debug_info</name>
         <load_address>0x11e90</load_address>
         <run_address>0x11e90</run_address>
         <size>0x12f</size>
         <input_file_ref idref="fl-1c"/>
      </object_component>
      <object_component id="oc-1a">
         <name>.debug_info</name>
         <load_address>0x11fbf</load_address>
         <run_address>0x11fbf</run_address>
         <size>0x1aa</size>
         <input_file_ref idref="fl-1c"/>
      </object_component>
      <object_component id="oc-68">
         <name>.debug_info</name>
         <load_address>0x12169</load_address>
         <run_address>0x12169</run_address>
         <size>0x46</size>
         <input_file_ref idref="fl-1c"/>
      </object_component>
      <object_component id="oc-196">
         <name>.debug_info</name>
         <load_address>0x121af</load_address>
         <run_address>0x121af</run_address>
         <size>0x1e0</size>
         <input_file_ref idref="fl-1d"/>
      </object_component>
      <object_component id="oc-e9">
         <name>.debug_info</name>
         <load_address>0x1238f</load_address>
         <run_address>0x1238f</run_address>
         <size>0x183</size>
         <input_file_ref idref="fl-1d"/>
      </object_component>
      <object_component id="oc-1e6">
         <name>.debug_info</name>
         <load_address>0x12512</load_address>
         <run_address>0x12512</run_address>
         <size>0x2c</size>
         <input_file_ref idref="fl-1d"/>
      </object_component>
      <object_component id="oc-119">
         <name>.debug_info</name>
         <load_address>0x1253e</load_address>
         <run_address>0x1253e</run_address>
         <size>0x234</size>
         <input_file_ref idref="fl-1e"/>
      </object_component>
      <object_component id="oc-113">
         <name>.debug_info</name>
         <load_address>0x12772</load_address>
         <run_address>0x12772</run_address>
         <size>0x185</size>
         <input_file_ref idref="fl-1e"/>
      </object_component>
      <object_component id="oc-92">
         <name>.debug_info</name>
         <load_address>0x128f7</load_address>
         <run_address>0x128f7</run_address>
         <size>0x214</size>
         <input_file_ref idref="fl-1e"/>
      </object_component>
      <object_component id="oc-57">
         <name>.debug_info</name>
         <load_address>0x12b0b</load_address>
         <run_address>0x12b0b</run_address>
         <size>0x111</size>
         <input_file_ref idref="fl-1f"/>
      </object_component>
      <object_component id="oc-63">
         <name>.debug_info</name>
         <load_address>0x12c1c</load_address>
         <run_address>0x12c1c</run_address>
         <size>0x13f</size>
         <input_file_ref idref="fl-20"/>
      </object_component>
      <object_component id="oc-1f6">
         <name>.debug_info</name>
         <load_address>0x12d5b</load_address>
         <run_address>0x12d5b</run_address>
         <size>0x134</size>
         <input_file_ref idref="fl-21"/>
      </object_component>
      <object_component id="oc-1a5">
         <name>.debug_info</name>
         <load_address>0x12e8f</load_address>
         <run_address>0x12e8f</run_address>
         <size>0x195</size>
         <input_file_ref idref="fl-21"/>
      </object_component>
      <object_component id="oc-1f1">
         <name>.debug_info</name>
         <load_address>0x13024</load_address>
         <run_address>0x13024</run_address>
         <size>0x39</size>
         <input_file_ref idref="fl-21"/>
      </object_component>
      <object_component id="oc-f2">
         <name>.debug_info</name>
         <load_address>0x1305d</load_address>
         <run_address>0x1305d</run_address>
         <size>0x145</size>
         <input_file_ref idref="fl-22"/>
      </object_component>
      <object_component id="oc-1cf">
         <name>.debug_info</name>
         <load_address>0x131a2</load_address>
         <run_address>0x131a2</run_address>
         <size>0x124</size>
         <input_file_ref idref="fl-23"/>
      </object_component>
      <object_component id="oc-116">
         <name>.debug_info</name>
         <load_address>0x132c6</load_address>
         <run_address>0x132c6</run_address>
         <size>0x113</size>
         <input_file_ref idref="fl-23"/>
      </object_component>
      <object_component id="oc-1ca">
         <name>.debug_info</name>
         <load_address>0x133d9</load_address>
         <run_address>0x133d9</run_address>
         <size>0x21f</size>
         <input_file_ref idref="fl-23"/>
      </object_component>
      <object_component id="oc-234">
         <name>.debug_info</name>
         <load_address>0x135f8</load_address>
         <run_address>0x135f8</run_address>
         <size>0xaa</size>
      </object_component>
      <object_component id="oc-1db">
         <name>.debug_line</name>
         <load_address>0x0</load_address>
         <run_address>0x0</run_address>
         <size>0x67</size>
         <input_file_ref idref="fl-2"/>
      </object_component>
      <object_component id="oc-206">
         <name>.debug_line</name>
         <load_address>0x67</load_address>
         <run_address>0x67</run_address>
         <size>0x33</size>
         <input_file_ref idref="fl-2"/>
      </object_component>
      <object_component id="oc-100">
         <name>.debug_line</name>
         <load_address>0x9a</load_address>
         <run_address>0x9a</run_address>
         <size>0x430</size>
         <input_file_ref idref="fl-2"/>
      </object_component>
      <object_component id="oc-29">
         <name>.debug_line</name>
         <load_address>0x4ca</load_address>
         <run_address>0x4ca</run_address>
         <size>0x104</size>
         <input_file_ref idref="fl-2"/>
      </object_component>
      <object_component id="oc-a2">
         <name>.debug_line</name>
         <load_address>0x5ce</load_address>
         <run_address>0x5ce</run_address>
         <size>0x70</size>
         <input_file_ref idref="fl-2"/>
      </object_component>
      <object_component id="oc-10f">
         <name>.debug_line</name>
         <load_address>0x63e</load_address>
         <run_address>0x63e</run_address>
         <size>0x20</size>
         <input_file_ref idref="fl-2"/>
      </object_component>
      <object_component id="oc-b3">
         <name>.debug_line</name>
         <load_address>0x65e</load_address>
         <run_address>0x65e</run_address>
         <size>0x6b</size>
         <input_file_ref idref="fl-2"/>
      </object_component>
      <object_component id="oc-125">
         <name>.debug_line</name>
         <load_address>0x6c9</load_address>
         <run_address>0x6c9</run_address>
         <size>0x65</size>
         <input_file_ref idref="fl-2"/>
      </object_component>
      <object_component id="oc-b8">
         <name>.debug_line</name>
         <load_address>0x72e</load_address>
         <run_address>0x72e</run_address>
         <size>0x6e</size>
         <input_file_ref idref="fl-2"/>
      </object_component>
      <object_component id="oc-166">
         <name>.debug_line</name>
         <load_address>0x79c</load_address>
         <run_address>0x79c</run_address>
         <size>0x6b</size>
         <input_file_ref idref="fl-2"/>
      </object_component>
      <object_component id="oc-1b6">
         <name>.debug_line</name>
         <load_address>0x807</load_address>
         <run_address>0x807</run_address>
         <size>0x67</size>
         <input_file_ref idref="fl-2"/>
      </object_component>
      <object_component id="oc-145">
         <name>.debug_line</name>
         <load_address>0x86e</load_address>
         <run_address>0x86e</run_address>
         <size>0x6b</size>
         <input_file_ref idref="fl-2"/>
      </object_component>
      <object_component id="oc-ac">
         <name>.debug_line</name>
         <load_address>0x8d9</load_address>
         <run_address>0x8d9</run_address>
         <size>0x78</size>
         <input_file_ref idref="fl-3"/>
      </object_component>
      <object_component id="oc-194">
         <name>.debug_line</name>
         <load_address>0x951</load_address>
         <run_address>0x951</run_address>
         <size>0x67</size>
         <input_file_ref idref="fl-4"/>
      </object_component>
      <object_component id="oc-83">
         <name>.debug_line</name>
         <load_address>0x9b8</load_address>
         <run_address>0x9b8</run_address>
         <size>0x289</size>
         <input_file_ref idref="fl-4"/>
      </object_component>
      <object_component id="oc-32">
         <name>.debug_line</name>
         <load_address>0xc41</load_address>
         <run_address>0xc41</run_address>
         <size>0x6e</size>
         <input_file_ref idref="fl-4"/>
      </object_component>
      <object_component id="oc-12c">
         <name>.debug_line</name>
         <load_address>0xcaf</load_address>
         <run_address>0xcaf</run_address>
         <size>0x6b</size>
         <input_file_ref idref="fl-4"/>
      </object_component>
      <object_component id="oc-e5">
         <name>.debug_line</name>
         <load_address>0xd1a</load_address>
         <run_address>0xd1a</run_address>
         <size>0x67</size>
         <input_file_ref idref="fl-4"/>
      </object_component>
      <object_component id="oc-1d4">
         <name>.debug_line</name>
         <load_address>0xd81</load_address>
         <run_address>0xd81</run_address>
         <size>0x20</size>
         <input_file_ref idref="fl-5"/>
      </object_component>
      <object_component id="oc-9c">
         <name>.debug_line</name>
         <load_address>0xda1</load_address>
         <run_address>0xda1</run_address>
         <size>0xfe</size>
         <input_file_ref idref="fl-5"/>
      </object_component>
      <object_component id="oc-157">
         <name>.debug_line</name>
         <load_address>0xe9f</load_address>
         <run_address>0xe9f</run_address>
         <size>0x6b</size>
         <input_file_ref idref="fl-5"/>
      </object_component>
      <object_component id="oc-15c">
         <name>.debug_line</name>
         <load_address>0xf0a</load_address>
         <run_address>0xf0a</run_address>
         <size>0x6e</size>
         <input_file_ref idref="fl-5"/>
      </object_component>
      <object_component id="oc-161">
         <name>.debug_line</name>
         <load_address>0xf78</load_address>
         <run_address>0xf78</run_address>
         <size>0x6b</size>
         <input_file_ref idref="fl-5"/>
      </object_component>
      <object_component id="oc-1d8">
         <name>.debug_line</name>
         <load_address>0xfe3</load_address>
         <run_address>0xfe3</run_address>
         <size>0x6b</size>
         <input_file_ref idref="fl-5"/>
      </object_component>
      <object_component id="oc-120">
         <name>.debug_line</name>
         <load_address>0x104e</load_address>
         <run_address>0x104e</run_address>
         <size>0x6b</size>
         <input_file_ref idref="fl-5"/>
      </object_component>
      <object_component id="oc-cd">
         <name>.debug_line</name>
         <load_address>0x10b9</load_address>
         <run_address>0x10b9</run_address>
         <size>0x65</size>
         <input_file_ref idref="fl-5"/>
      </object_component>
      <object_component id="oc-191">
         <name>.debug_line</name>
         <load_address>0x111e</load_address>
         <run_address>0x111e</run_address>
         <size>0x70</size>
         <input_file_ref idref="fl-5"/>
      </object_component>
      <object_component id="oc-16b">
         <name>.debug_line</name>
         <load_address>0x118e</load_address>
         <run_address>0x118e</run_address>
         <size>0x6b</size>
         <input_file_ref idref="fl-5"/>
      </object_component>
      <object_component id="oc-131">
         <name>.debug_line</name>
         <load_address>0x11f9</load_address>
         <run_address>0x11f9</run_address>
         <size>0x6d</size>
         <input_file_ref idref="fl-5"/>
      </object_component>
      <object_component id="oc-184">
         <name>.debug_line</name>
         <load_address>0x1266</load_address>
         <run_address>0x1266</run_address>
         <size>0x6a</size>
         <input_file_ref idref="fl-5"/>
      </object_component>
      <object_component id="oc-136">
         <name>.debug_line</name>
         <load_address>0x12d0</load_address>
         <run_address>0x12d0</run_address>
         <size>0x6b</size>
         <input_file_ref idref="fl-5"/>
      </object_component>
      <object_component id="oc-170">
         <name>.debug_line</name>
         <load_address>0x133b</load_address>
         <run_address>0x133b</run_address>
         <size>0x6b</size>
         <input_file_ref idref="fl-5"/>
      </object_component>
      <object_component id="oc-17a">
         <name>.debug_line</name>
         <load_address>0x13a6</load_address>
         <run_address>0x13a6</run_address>
         <size>0x6d</size>
         <input_file_ref idref="fl-5"/>
      </object_component>
      <object_component id="oc-1c3">
         <name>.debug_line</name>
         <load_address>0x1413</load_address>
         <run_address>0x1413</run_address>
         <size>0x6b</size>
         <input_file_ref idref="fl-5"/>
      </object_component>
      <object_component id="oc-203">
         <name>.debug_line</name>
         <load_address>0x147e</load_address>
         <run_address>0x147e</run_address>
         <size>0x67</size>
         <input_file_ref idref="fl-5"/>
      </object_component>
      <object_component id="oc-189">
         <name>.debug_line</name>
         <load_address>0x14e5</load_address>
         <run_address>0x14e5</run_address>
         <size>0x6b</size>
         <input_file_ref idref="fl-5"/>
      </object_component>
      <object_component id="oc-13b">
         <name>.debug_line</name>
         <load_address>0x1550</load_address>
         <run_address>0x1550</run_address>
         <size>0x6e</size>
         <input_file_ref idref="fl-5"/>
      </object_component>
      <object_component id="oc-140">
         <name>.debug_line</name>
         <load_address>0x15be</load_address>
         <run_address>0x15be</run_address>
         <size>0x6d</size>
         <input_file_ref idref="fl-5"/>
      </object_component>
      <object_component id="oc-1dd">
         <name>.debug_line</name>
         <load_address>0x162b</load_address>
         <run_address>0x162b</run_address>
         <size>0x20</size>
         <input_file_ref idref="fl-6"/>
      </object_component>
      <object_component id="oc-d6">
         <name>.debug_line</name>
         <load_address>0x164b</load_address>
         <run_address>0x164b</run_address>
         <size>0xd7</size>
         <input_file_ref idref="fl-6"/>
      </object_component>
      <object_component id="oc-175">
         <name>.debug_line</name>
         <load_address>0x1722</load_address>
         <run_address>0x1722</run_address>
         <size>0x6e</size>
         <input_file_ref idref="fl-6"/>
      </object_component>
      <object_component id="oc-1e1">
         <name>.debug_line</name>
         <load_address>0x1790</load_address>
         <run_address>0x1790</run_address>
         <size>0x6a</size>
         <input_file_ref idref="fl-6"/>
      </object_component>
      <object_component id="oc-1fa">
         <name>.debug_line</name>
         <load_address>0x17fa</load_address>
         <run_address>0x17fa</run_address>
         <size>0x63</size>
         <input_file_ref idref="fl-7"/>
      </object_component>
      <object_component id="oc-1f8">
         <name>.debug_line</name>
         <load_address>0x185d</load_address>
         <run_address>0x185d</run_address>
         <size>0x33</size>
         <input_file_ref idref="fl-7"/>
      </object_component>
      <object_component id="oc-fa">
         <name>.debug_line</name>
         <load_address>0x1890</load_address>
         <run_address>0x1890</run_address>
         <size>0x2b9</size>
         <input_file_ref idref="fl-7"/>
      </object_component>
      <object_component id="oc-1fe">
         <name>.debug_line</name>
         <load_address>0x1b49</load_address>
         <run_address>0x1b49</run_address>
         <size>0x33</size>
         <input_file_ref idref="fl-7"/>
      </object_component>
      <object_component id="oc-72">
         <name>.debug_line</name>
         <load_address>0x1b7c</load_address>
         <run_address>0x1b7c</run_address>
         <size>0x2e4</size>
         <input_file_ref idref="fl-8"/>
      </object_component>
      <object_component id="oc-38">
         <name>.debug_line</name>
         <load_address>0x1e60</load_address>
         <run_address>0x1e60</run_address>
         <size>0x4f</size>
         <input_file_ref idref="fl-a"/>
      </object_component>
      <object_component id="oc-1bf">
         <name>.debug_line</name>
         <load_address>0x1eaf</load_address>
         <run_address>0x1eaf</run_address>
         <size>0xfa</size>
         <input_file_ref idref="fl-b"/>
      </object_component>
      <object_component id="oc-1b9">
         <name>.debug_line</name>
         <load_address>0x1fa9</load_address>
         <run_address>0x1fa9</run_address>
         <size>0x38</size>
         <input_file_ref idref="fl-b"/>
      </object_component>
      <object_component id="oc-1bb">
         <name>.debug_line</name>
         <load_address>0x1fe1</load_address>
         <run_address>0x1fe1</run_address>
         <size>0x38</size>
         <input_file_ref idref="fl-b"/>
      </object_component>
      <object_component id="oc-1bd">
         <name>.debug_line</name>
         <load_address>0x2019</load_address>
         <run_address>0x2019</run_address>
         <size>0x38</size>
         <input_file_ref idref="fl-b"/>
      </object_component>
      <object_component id="oc-8f">
         <name>.debug_line</name>
         <load_address>0x2051</load_address>
         <run_address>0x2051</run_address>
         <size>0xec</size>
         <input_file_ref idref="fl-b"/>
      </object_component>
      <object_component id="oc-20b">
         <name>.debug_line</name>
         <load_address>0x213d</load_address>
         <run_address>0x213d</run_address>
         <size>0x20</size>
         <input_file_ref idref="fl-d"/>
      </object_component>
      <object_component id="oc-20f">
         <name>.debug_line</name>
         <load_address>0x215d</load_address>
         <run_address>0x215d</run_address>
         <size>0x6b</size>
         <input_file_ref idref="fl-d"/>
      </object_component>
      <object_component id="oc-17f">
         <name>.debug_line</name>
         <load_address>0x21c8</load_address>
         <run_address>0x21c8</run_address>
         <size>0x6b</size>
         <input_file_ref idref="fl-d"/>
      </object_component>
      <object_component id="oc-3d">
         <name>.debug_line</name>
         <load_address>0x2233</load_address>
         <run_address>0x2233</run_address>
         <size>0x4b</size>
         <input_file_ref idref="fl-e"/>
      </object_component>
      <object_component id="oc-de">
         <name>.debug_line</name>
         <load_address>0x227e</load_address>
         <run_address>0x227e</run_address>
         <size>0x125</size>
         <input_file_ref idref="fl-10"/>
      </object_component>
      <object_component id="oc-18d">
         <name>.debug_line</name>
         <load_address>0x23a3</load_address>
         <run_address>0x23a3</run_address>
         <size>0x107</size>
         <input_file_ref idref="fl-11"/>
      </object_component>
      <object_component id="oc-7d">
         <name>.debug_line</name>
         <load_address>0x24aa</load_address>
         <run_address>0x24aa</run_address>
         <size>0xd30</size>
         <input_file_ref idref="fl-11"/>
      </object_component>
      <object_component id="oc-23">
         <name>.debug_line</name>
         <load_address>0x31da</load_address>
         <run_address>0x31da</run_address>
         <size>0xfb</size>
         <input_file_ref idref="fl-12"/>
      </object_component>
      <object_component id="oc-128">
         <name>.debug_line</name>
         <load_address>0x32d5</load_address>
         <run_address>0x32d5</run_address>
         <size>0xb2</size>
         <input_file_ref idref="fl-13"/>
      </object_component>
      <object_component id="oc-a5">
         <name>.debug_line</name>
         <load_address>0x3387</load_address>
         <run_address>0x3387</run_address>
         <size>0x37</size>
         <input_file_ref idref="fl-13"/>
      </object_component>
      <object_component id="oc-44">
         <name>.debug_line</name>
         <load_address>0x33be</load_address>
         <run_address>0x33be</run_address>
         <size>0x1c5</size>
         <input_file_ref idref="fl-13"/>
      </object_component>
      <object_component id="oc-49">
         <name>.debug_line</name>
         <load_address>0x3583</load_address>
         <run_address>0x3583</run_address>
         <size>0xb2</size>
         <input_file_ref idref="fl-13"/>
      </object_component>
      <object_component id="oc-14a">
         <name>.debug_line</name>
         <load_address>0x3635</load_address>
         <run_address>0x3635</run_address>
         <size>0x37</size>
         <input_file_ref idref="fl-13"/>
      </object_component>
      <object_component id="oc-153">
         <name>.debug_line</name>
         <load_address>0x366c</load_address>
         <run_address>0x366c</run_address>
         <size>0x106</size>
         <input_file_ref idref="fl-14"/>
      </object_component>
      <object_component id="oc-77">
         <name>.debug_line</name>
         <load_address>0x3772</load_address>
         <run_address>0x3772</run_address>
         <size>0x233</size>
         <input_file_ref idref="fl-14"/>
      </object_component>
      <object_component id="oc-199">
         <name>.debug_line</name>
         <load_address>0x39a5</load_address>
         <run_address>0x39a5</run_address>
         <size>0xa9</size>
         <input_file_ref idref="fl-19"/>
      </object_component>
      <object_component id="oc-87">
         <name>.debug_line</name>
         <load_address>0x3a4e</load_address>
         <run_address>0x3a4e</run_address>
         <size>0x91</size>
         <input_file_ref idref="fl-19"/>
      </object_component>
      <object_component id="oc-54">
         <name>.debug_line</name>
         <load_address>0x3adf</load_address>
         <run_address>0x3adf</run_address>
         <size>0x20</size>
         <input_file_ref idref="fl-19"/>
      </object_component>
      <object_component id="oc-19d">
         <name>.debug_line</name>
         <load_address>0x3aff</load_address>
         <run_address>0x3aff</run_address>
         <size>0x2e</size>
         <input_file_ref idref="fl-19"/>
      </object_component>
      <object_component id="oc-1ee">
         <name>.debug_line</name>
         <load_address>0x3b2d</load_address>
         <run_address>0x3b2d</run_address>
         <size>0x8a</size>
         <input_file_ref idref="fl-19"/>
      </object_component>
      <object_component id="oc-1a2">
         <name>.debug_line</name>
         <load_address>0x3bb7</load_address>
         <run_address>0x3bb7</run_address>
         <size>0x8b</size>
         <input_file_ref idref="fl-19"/>
      </object_component>
      <object_component id="oc-14f">
         <name>.debug_line</name>
         <load_address>0x3c42</load_address>
         <run_address>0x3c42</run_address>
         <size>0x20</size>
         <input_file_ref idref="fl-1a"/>
      </object_component>
      <object_component id="oc-12">
         <name>.debug_line</name>
         <load_address>0x3c62</load_address>
         <run_address>0x3c62</run_address>
         <size>0xb2</size>
         <input_file_ref idref="fl-1a"/>
      </object_component>
      <object_component id="oc-4f">
         <name>.debug_line</name>
         <load_address>0x3d14</load_address>
         <run_address>0x3d14</run_address>
         <size>0x3a</size>
         <input_file_ref idref="fl-1a"/>
      </object_component>
      <object_component id="oc-be">
         <name>.debug_line</name>
         <load_address>0x3d4e</load_address>
         <run_address>0x3d4e</run_address>
         <size>0x8a</size>
         <input_file_ref idref="fl-1a"/>
      </object_component>
      <object_component id="oc-c8">
         <name>.debug_line</name>
         <load_address>0x3dd8</load_address>
         <run_address>0x3dd8</run_address>
         <size>0x8a</size>
         <input_file_ref idref="fl-1b"/>
      </object_component>
      <object_component id="oc-15">
         <name>.debug_line</name>
         <load_address>0x3e62</load_address>
         <run_address>0x3e62</run_address>
         <size>0x58</size>
         <input_file_ref idref="fl-1b"/>
      </object_component>
      <object_component id="oc-5f">
         <name>.debug_line</name>
         <load_address>0x3eba</load_address>
         <run_address>0x3eba</run_address>
         <size>0x3a</size>
         <input_file_ref idref="fl-1b"/>
      </object_component>
      <object_component id="oc-c5">
         <name>.debug_line</name>
         <load_address>0x3ef4</load_address>
         <run_address>0x3ef4</run_address>
         <size>0x8a</size>
         <input_file_ref idref="fl-1b"/>
      </object_component>
      <object_component id="oc-d0">
         <name>.debug_line</name>
         <load_address>0x3f7e</load_address>
         <run_address>0x3f7e</run_address>
         <size>0x8a</size>
         <input_file_ref idref="fl-1c"/>
      </object_component>
      <object_component id="oc-1d">
         <name>.debug_line</name>
         <load_address>0x4008</load_address>
         <run_address>0x4008</run_address>
         <size>0x4f</size>
         <input_file_ref idref="fl-1c"/>
      </object_component>
      <object_component id="oc-6b">
         <name>.debug_line</name>
         <load_address>0x4057</load_address>
         <run_address>0x4057</run_address>
         <size>0x34</size>
         <input_file_ref idref="fl-1c"/>
      </object_component>
      <object_component id="oc-1e5">
         <name>.debug_line</name>
         <load_address>0x408b</load_address>
         <run_address>0x408b</run_address>
         <size>0x98</size>
         <input_file_ref idref="fl-1d"/>
      </object_component>
      <object_component id="oc-ec">
         <name>.debug_line</name>
         <load_address>0x4123</load_address>
         <run_address>0x4123</run_address>
         <size>0x7a</size>
         <input_file_ref idref="fl-1d"/>
      </object_component>
      <object_component id="oc-1e9">
         <name>.debug_line</name>
         <load_address>0x419d</load_address>
         <run_address>0x419d</run_address>
         <size>0x2e</size>
         <input_file_ref idref="fl-1d"/>
      </object_component>
      <object_component id="oc-1d2">
         <name>.debug_line</name>
         <load_address>0x41cb</load_address>
         <run_address>0x41cb</run_address>
         <size>0xf2</size>
         <input_file_ref idref="fl-1e"/>
      </object_component>
      <object_component id="oc-1c6">
         <name>.debug_line</name>
         <load_address>0x42bd</load_address>
         <run_address>0x42bd</run_address>
         <size>0x2a</size>
         <input_file_ref idref="fl-1e"/>
      </object_component>
      <object_component id="oc-96">
         <name>.debug_line</name>
         <load_address>0x42e7</load_address>
         <run_address>0x42e7</run_address>
         <size>0x86</size>
         <input_file_ref idref="fl-1e"/>
      </object_component>
      <object_component id="oc-5a">
         <name>.debug_line</name>
         <load_address>0x436d</load_address>
         <run_address>0x436d</run_address>
         <size>0x88</size>
         <input_file_ref idref="fl-1f"/>
      </object_component>
      <object_component id="oc-66">
         <name>.debug_line</name>
         <load_address>0x43f5</load_address>
         <run_address>0x43f5</run_address>
         <size>0x79</size>
         <input_file_ref idref="fl-20"/>
      </object_component>
      <object_component id="oc-212">
         <name>.debug_line</name>
         <load_address>0x446e</load_address>
         <run_address>0x446e</run_address>
         <size>0x20</size>
         <input_file_ref idref="fl-21"/>
      </object_component>
      <object_component id="oc-1a8">
         <name>.debug_line</name>
         <load_address>0x448e</load_address>
         <run_address>0x448e</run_address>
         <size>0xc7</size>
         <input_file_ref idref="fl-21"/>
      </object_component>
      <object_component id="oc-1f4">
         <name>.debug_line</name>
         <load_address>0x4555</load_address>
         <run_address>0x4555</run_address>
         <size>0x8a</size>
         <input_file_ref idref="fl-21"/>
      </object_component>
      <object_component id="oc-f1">
         <name>.debug_line</name>
         <load_address>0x45df</load_address>
         <run_address>0x45df</run_address>
         <size>0x3c</size>
         <input_file_ref idref="fl-22"/>
      </object_component>
      <object_component id="oc-209">
         <name>.debug_line</name>
         <load_address>0x461b</load_address>
         <run_address>0x461b</run_address>
         <size>0x20</size>
         <input_file_ref idref="fl-23"/>
      </object_component>
      <object_component id="oc-1ce">
         <name>.debug_line</name>
         <load_address>0x463b</load_address>
         <run_address>0x463b</run_address>
         <size>0x2b</size>
         <input_file_ref idref="fl-23"/>
      </object_component>
      <object_component id="oc-1cc">
         <name>.debug_line</name>
         <load_address>0x4666</load_address>
         <run_address>0x4666</run_address>
         <size>0x68</size>
         <input_file_ref idref="fl-23"/>
      </object_component>
      <object_component id="oc-101">
         <name>.debug_frame</name>
         <load_address>0x0</load_address>
         <run_address>0x0</run_address>
         <size>0x266</size>
         <input_file_ref idref="fl-2"/>
      </object_component>
      <object_component id="oc-2a">
         <name>.debug_frame</name>
         <load_address>0x266</load_address>
         <run_address>0x266</run_address>
         <size>0x1ec</size>
         <input_file_ref idref="fl-2"/>
      </object_component>
      <object_component id="oc-84">
         <name>.debug_frame</name>
         <load_address>0x452</load_address>
         <run_address>0x452</run_address>
         <size>0x1b6</size>
         <input_file_ref idref="fl-4"/>
      </object_component>
      <object_component id="oc-33">
         <name>.debug_frame</name>
         <load_address>0x608</load_address>
         <run_address>0x608</run_address>
         <size>0xab</size>
         <input_file_ref idref="fl-4"/>
      </object_component>
      <object_component id="oc-9d">
         <name>.debug_frame</name>
         <load_address>0x6b3</load_address>
         <run_address>0x6b3</run_address>
         <size>0x10f</size>
         <input_file_ref idref="fl-5"/>
      </object_component>
      <object_component id="oc-d7">
         <name>.debug_frame</name>
         <load_address>0x7c2</load_address>
         <run_address>0x7c2</run_address>
         <size>0x6b</size>
         <input_file_ref idref="fl-6"/>
      </object_component>
      <object_component id="oc-fb">
         <name>.debug_frame</name>
         <load_address>0x82d</load_address>
         <run_address>0x82d</run_address>
         <size>0x1df</size>
         <input_file_ref idref="fl-7"/>
      </object_component>
      <object_component id="oc-90">
         <name>.debug_frame</name>
         <load_address>0xa0c</load_address>
         <run_address>0xa0c</run_address>
         <size>0x8c</size>
         <input_file_ref idref="fl-b"/>
      </object_component>
      <object_component id="oc-3e">
         <name>.debug_frame</name>
         <load_address>0xa98</load_address>
         <run_address>0xa98</run_address>
         <size>0x51</size>
         <input_file_ref idref="fl-e"/>
      </object_component>
      <object_component id="oc-7e">
         <name>.debug_frame</name>
         <load_address>0xae9</load_address>
         <run_address>0xae9</run_address>
         <size>0x570</size>
         <input_file_ref idref="fl-11"/>
      </object_component>
      <object_component id="oc-24">
         <name>.debug_frame</name>
         <load_address>0x1059</load_address>
         <run_address>0x1059</run_address>
         <size>0x50</size>
         <input_file_ref idref="fl-12"/>
      </object_component>
      <object_component id="oc-45">
         <name>.debug_frame</name>
         <load_address>0x10a9</load_address>
         <run_address>0x10a9</run_address>
         <size>0xb6</size>
         <input_file_ref idref="fl-13"/>
      </object_component>
      <object_component id="oc-4a">
         <name>.debug_frame</name>
         <load_address>0x115f</load_address>
         <run_address>0x115f</run_address>
         <size>0xac</size>
         <input_file_ref idref="fl-13"/>
      </object_component>
      <object_component id="oc-78">
         <name>.debug_frame</name>
         <load_address>0x120b</load_address>
         <run_address>0x120b</run_address>
         <size>0x115</size>
         <input_file_ref idref="fl-14"/>
      </object_component>
      <object_component id="oc-8a">
         <name>.debug_frame</name>
         <load_address>0x1320</load_address>
         <run_address>0x1320</run_address>
         <size>0x5c</size>
         <input_file_ref idref="fl-19"/>
      </object_component>
      <object_component id="oc-f">
         <name>.debug_frame</name>
         <load_address>0x137c</load_address>
         <run_address>0x137c</run_address>
         <size>0x60</size>
         <input_file_ref idref="fl-1a"/>
      </object_component>
      <object_component id="oc-14">
         <name>.debug_frame</name>
         <load_address>0x13dc</load_address>
         <run_address>0x13dc</run_address>
         <size>0x51</size>
         <input_file_ref idref="fl-1b"/>
      </object_component>
      <object_component id="oc-1e">
         <name>.debug_frame</name>
         <load_address>0x142d</load_address>
         <run_address>0x142d</run_address>
         <size>0x51</size>
         <input_file_ref idref="fl-1c"/>
      </object_component>
      <object_component id="oc-ed">
         <name>.debug_frame</name>
         <load_address>0x147e</load_address>
         <run_address>0x147e</run_address>
         <size>0x60</size>
         <input_file_ref idref="fl-1d"/>
      </object_component>
      <object_component id="oc-95">
         <name>.debug_frame</name>
         <load_address>0x14de</load_address>
         <run_address>0x14de</run_address>
         <size>0x85</size>
         <input_file_ref idref="fl-1e"/>
      </object_component>
      <object_component id="oc-1a9">
         <name>.debug_frame</name>
         <load_address>0x1563</load_address>
         <run_address>0x1563</run_address>
         <size>0x60</size>
         <input_file_ref idref="fl-21"/>
      </object_component>
      <object_component id="oc-ef">
         <name>.debug_frame</name>
         <load_address>0x15c3</load_address>
         <run_address>0x15c3</run_address>
         <size>0x51</size>
         <input_file_ref idref="fl-22"/>
      </object_component>
      <object_component id="oc-1c9">
         <name>.debug_frame</name>
         <load_address>0x1614</load_address>
         <run_address>0x1614</run_address>
         <size>0x73</size>
         <input_file_ref idref="fl-23"/>
      </object_component>
      <object_component id="oc-1da">
         <name>.debug_abbrev</name>
         <load_address>0x0</load_address>
         <run_address>0x0</run_address>
         <size>0x86</size>
         <input_file_ref idref="fl-2"/>
      </object_component>
      <object_component id="oc-205">
         <name>.debug_abbrev</name>
         <load_address>0x86</load_address>
         <run_address>0x86</run_address>
         <size>0x27</size>
         <input_file_ref idref="fl-2"/>
      </object_component>
      <object_component id="oc-1b2">
         <name>.debug_abbrev</name>
         <load_address>0xad</load_address>
         <run_address>0xad</run_address>
         <size>0xc8</size>
         <input_file_ref idref="fl-2"/>
      </object_component>
      <object_component id="oc-9e">
         <name>.debug_abbrev</name>
         <load_address>0x175</load_address>
         <run_address>0x175</run_address>
         <size>0x6f</size>
         <input_file_ref idref="fl-2"/>
      </object_component>
      <object_component id="oc-a1">
         <name>.debug_abbrev</name>
         <load_address>0x1e4</load_address>
         <run_address>0x1e4</run_address>
         <size>0x5a</size>
         <input_file_ref idref="fl-2"/>
      </object_component>
      <object_component id="oc-10e">
         <name>.debug_abbrev</name>
         <load_address>0x23e</load_address>
         <run_address>0x23e</run_address>
         <size>0x1f</size>
         <input_file_ref idref="fl-2"/>
      </object_component>
      <object_component id="oc-b2">
         <name>.debug_abbrev</name>
         <load_address>0x25d</load_address>
         <run_address>0x25d</run_address>
         <size>0x7c</size>
         <input_file_ref idref="fl-2"/>
      </object_component>
      <object_component id="oc-124">
         <name>.debug_abbrev</name>
         <load_address>0x2d9</load_address>
         <run_address>0x2d9</run_address>
         <size>0x35</size>
         <input_file_ref idref="fl-2"/>
      </object_component>
      <object_component id="oc-b7">
         <name>.debug_abbrev</name>
         <load_address>0x30e</load_address>
         <run_address>0x30e</run_address>
         <size>0x55</size>
         <input_file_ref idref="fl-2"/>
      </object_component>
      <object_component id="oc-165">
         <name>.debug_abbrev</name>
         <load_address>0x363</load_address>
         <run_address>0x363</run_address>
         <size>0x4b</size>
         <input_file_ref idref="fl-2"/>
      </object_component>
      <object_component id="oc-1b5">
         <name>.debug_abbrev</name>
         <load_address>0x3ae</load_address>
         <run_address>0x3ae</run_address>
         <size>0x7a</size>
         <input_file_ref idref="fl-2"/>
      </object_component>
      <object_component id="oc-144">
         <name>.debug_abbrev</name>
         <load_address>0x428</load_address>
         <run_address>0x428</run_address>
         <size>0x4b</size>
         <input_file_ref idref="fl-2"/>
      </object_component>
      <object_component id="oc-14c">
         <name>.debug_abbrev</name>
         <load_address>0x473</load_address>
         <run_address>0x473</run_address>
         <size>0x36</size>
         <input_file_ref idref="fl-3"/>
      </object_component>
      <object_component id="oc-193">
         <name>.debug_abbrev</name>
         <load_address>0x4a9</load_address>
         <run_address>0x4a9</run_address>
         <size>0x64</size>
         <input_file_ref idref="fl-4"/>
      </object_component>
      <object_component id="oc-e1">
         <name>.debug_abbrev</name>
         <load_address>0x50d</load_address>
         <run_address>0x50d</run_address>
         <size>0xc8</size>
         <input_file_ref idref="fl-4"/>
      </object_component>
      <object_component id="oc-a7">
         <name>.debug_abbrev</name>
         <load_address>0x5d5</load_address>
         <run_address>0x5d5</run_address>
         <size>0x6f</size>
         <input_file_ref idref="fl-4"/>
      </object_component>
      <object_component id="oc-12b">
         <name>.debug_abbrev</name>
         <load_address>0x644</load_address>
         <run_address>0x644</run_address>
         <size>0x4b</size>
         <input_file_ref idref="fl-4"/>
      </object_component>
      <object_component id="oc-e4">
         <name>.debug_abbrev</name>
         <load_address>0x68f</load_address>
         <run_address>0x68f</run_address>
         <size>0x6b</size>
         <input_file_ref idref="fl-4"/>
      </object_component>
      <object_component id="oc-1d3">
         <name>.debug_abbrev</name>
         <load_address>0x6fa</load_address>
         <run_address>0x6fa</run_address>
         <size>0x54</size>
         <input_file_ref idref="fl-5"/>
      </object_component>
      <object_component id="oc-11b">
         <name>.debug_abbrev</name>
         <load_address>0x74e</load_address>
         <run_address>0x74e</run_address>
         <size>0x6c</size>
         <input_file_ref idref="fl-5"/>
      </object_component>
      <object_component id="oc-156">
         <name>.debug_abbrev</name>
         <load_address>0x7ba</load_address>
         <run_address>0x7ba</run_address>
         <size>0x7c</size>
         <input_file_ref idref="fl-5"/>
      </object_component>
      <object_component id="oc-15b">
         <name>.debug_abbrev</name>
         <load_address>0x836</load_address>
         <run_address>0x836</run_address>
         <size>0x5a</size>
         <input_file_ref idref="fl-5"/>
      </object_component>
      <object_component id="oc-160">
         <name>.debug_abbrev</name>
         <load_address>0x890</load_address>
         <run_address>0x890</run_address>
         <size>0x7f</size>
         <input_file_ref idref="fl-5"/>
      </object_component>
      <object_component id="oc-1d7">
         <name>.debug_abbrev</name>
         <load_address>0x90f</load_address>
         <run_address>0x90f</run_address>
         <size>0x5a</size>
         <input_file_ref idref="fl-5"/>
      </object_component>
      <object_component id="oc-11f">
         <name>.debug_abbrev</name>
         <load_address>0x969</load_address>
         <run_address>0x969</run_address>
         <size>0xe8</size>
         <input_file_ref idref="fl-5"/>
      </object_component>
      <object_component id="oc-cc">
         <name>.debug_abbrev</name>
         <load_address>0xa51</load_address>
         <run_address>0xa51</run_address>
         <size>0x24</size>
         <input_file_ref idref="fl-5"/>
      </object_component>
      <object_component id="oc-190">
         <name>.debug_abbrev</name>
         <load_address>0xa75</load_address>
         <run_address>0xa75</run_address>
         <size>0xc1</size>
         <input_file_ref idref="fl-5"/>
      </object_component>
      <object_component id="oc-16a">
[...]
      <symbol id="sm-343">
         <name>error</name>
         <value>0x8001584</value>
         <object_component_ref idref="oc-102"/>
      </symbol>
      <symbol id="sm-344">
         <name>cnt</name>
         <value>0x8001580</value>
         <object_component_ref idref="oc-102"/>
      </symbol>
      <symbol id="sm-345">
         <name>canMessageNotification</name>
         <value>0x6e48</value>
         <object_component_ref idref="oc-8b"/>
      </symbol>
      <symbol id="sm-346">
         <name>dumpSomeData</name>
         <value>0x6db0</value>
         <object_component_ref idref="oc-8b"/>
      </symbol>
      <symbol id="sm-347">
         <name>rx_data</name>
         <value>0x8001500</value>
         <object_component_ref idref="oc-108"/>
      </symbol>
      <symbol id="sm-348">
         <name>rx_ptr</name>
         <value>0x8001590</value>
         <object_component_ref idref="oc-102"/>
      </symbol>
      <symbol id="sm-349">
         <name>tx_ptr</name>
         <value>0x800158c</value>
         <object_component_ref idref="oc-102"/>
      </symbol>
      <symbol id="sm-34a">
         <name>main</name>
         <value>0x6c28</value>
         <object_component_ref idref="oc-8b"/>
      </symbol>
      <symbol id="sm-34b">
         <name>tx_done</name>
         <value>0x8001588</value>
         <object_component_ref idref="oc-102"/>
      </symbol>
      <symbol id="sm-34c">
         <name>dptr</name>
         <value>0x8001594</value>
         <object_component_ref idref="oc-102"/>
      </symbol>
      <symbol id="sm-34d">
         <name>tx_data</name>
         <value>0x8001540</value>
         <object_component_ref idref="oc-105"/>
      </symbol>
      <symbol id="sm-366">
         <name>phantomInterrupt</name>
         <value>0x7b94</value>
         <object_component_ref idref="oc-39"/>
      </symbol>
      <symbol id="sm-370">
         <name>_pmuResetCounters_</name>
         <value>0x77c4</value>
         <object_component_ref idref="oc-da"/>
      </symbol>
      <symbol id="sm-371">
         <name>_pmuGetEventCount_</name>
         <value>0x77f8</value>
         <object_component_ref idref="oc-da"/>
      </symbol>
      <symbol id="sm-372">
         <name>_pmuResetEventCounters_</name>
         <value>0x77b4</value>
         <object_component_ref idref="oc-da"/>
      </symbol>
      <symbol id="sm-373">
         <name>_pmuStopCounters_</name>
         <value>0x77dc</value>
         <object_component_ref idref="oc-da"/>
      </symbol>
      <symbol id="sm-374">
         <name>_pmuInit_</name>
         <value>0x7738</value>
         <object_component_ref idref="oc-da"/>
      </symbol>
      <symbol id="sm-375">
         <name>_pmuGetOverflow_</name>
         <value>0x7804</value>
         <object_component_ref idref="oc-da"/>
      </symbol>
      <symbol id="sm-376">
         <name>_pmuResetCycleCounter_</name>
         <value>0x77a4</value>
         <object_component_ref idref="oc-da"/>
      </symbol>
      <symbol id="sm-377">
         <name>_pmuSetCountEvent_</name>
         <value>0x77e4</value>
         <object_component_ref idref="oc-da"/>
      </symbol>
      <symbol id="sm-378">
         <name>_pmuGetCycleCount_</name>
         <value>0x77f0</value>
         <object_component_ref idref="oc-da"/>
      </symbol>
      <symbol id="sm-379">
         <name>_pmuEnableCountersGlobal_</name>
         <value>0x7784</value>
         <object_component_ref idref="oc-da"/>
      </symbol>
      <symbol id="sm-37a">
         <name>_pmuDisableCountersGlobal_</name>
         <value>0x7794</value>
         <object_component_ref idref="oc-da"/>
      </symbol>
      <symbol id="sm-37b">
         <name>_pmuStartCounters_</name>
         <value>0x77d4</value>
         <object_component_ref idref="oc-da"/>
      </symbol>
      <symbol id="sm-53b">
         <name>pbistSelfCheck</name>
         <value>0x2cc</value>
         <object_component_ref idref="oc-79"/>
      </symbol>
      <symbol id="sm-53c">
         <name>fmcBus1ParityCheck</name>
         <value>0x22c4</value>
         <object_component_ref idref="oc-79"/>
      </symbol>
      <symbol id="sm-53d">
         <name>can1ParityCheck</name>
         <value>0x1410</value>
         <object_component_ref idref="oc-79"/>
      </symbol>
      <symbol id="sm-53e">
         <name>enableParity</name>
         <value>0x2ad0</value>
         <object_component_ref idref="oc-79"/>
      </symbol>
      <symbol id="sm-53f">
         <name>dmaParityCheck</name>
         <value>0xeac</value>
         <object_component_ref idref="oc-79"/>
      </symbol>
      <symbol id="sm-540">
         <name>custom_dabort</name>
         <value>0xdf4</value>
         <object_component_ref idref="oc-79"/>
      </symbol>
      <symbol id="sm-541">
         <name>memoryInit</name>
         <value>0x174</value>
         <object_component_ref idref="oc-79"/>
      </symbol>
      <symbol id="sm-542">
         <name>stcSelfCheck</name>
         <value>0x1b8</value>
         <object_component_ref idref="oc-79"/>
      </symbol>
      <symbol id="sm-543">
         <name>efcGetConfigValue</name>
         <value>0x2660</value>
         <object_component_ref idref="oc-79"/>
      </symbol>
      <symbol id="sm-544">
         <name>can2ParityCheck</name>
         <value>0x14e8</value>
         <object_component_ref idref="oc-79"/>
      </symbol>
      <symbol id="sm-545">
         <name>het1ParityCheck</name>
         <value>0xf58</value>
         <object_component_ref idref="oc-79"/>
      </symbol>
      <symbol id="sm-546">
         <name>adc1ParityCheck</name>
         <value>0x126c</value>
         <object_component_ref idref="oc-79"/>
      </symbol>
      <symbol id="sm-547">
         <name>checkefcSelfTest</name>
         <value>0x7bc</value>
         <object_component_ref idref="oc-79"/>
      </symbol>
      <symbol id="sm-548">
         <name>checkRAMECC</name>
         <value>0x19d0</value>
         <object_component_ref idref="oc-79"/>
      </symbol>
      <symbol id="sm-549">
         <name>stcSelfCheckFail</name>
         <value>0xdf8</value>
         <object_component_ref idref="oc-79"/>
      </symbol>
      <symbol id="sm-54a">
         <name>ccmSelfCheck</name>
         <value>0x30</value>
         <object_component_ref idref="oc-79"/>
      </symbol>
      <symbol id="sm-54b">
         <name>efcCheck</name>
         <value>0x660</value>
         <object_component_ref idref="oc-79"/>
      </symbol>
      <symbol id="sm-54c">
         <name>het2ParityCheck</name>
         <value>0x10c0</value>
         <object_component_ref idref="oc-79"/>
      </symbol>
      <symbol id="sm-54d">
         <name>adc2ParityCheck</name>
         <value>0x1358</value>
         <object_component_ref idref="oc-79"/>
      </symbol>
      <symbol id="sm-54e">
         <name>cpuSelfTest</name>
         <value>0x234</value>
         <object_component_ref idref="oc-79"/>
      </symbol>
      <symbol id="sm-54f">
         <name>htu1ParityCheck</name>
         <value>0x1004</value>
         <object_component_ref idref="oc-79"/>
      </symbol>
      <symbol id="sm-550">
         <name>checkFlashECC</name>
         <value>0xd18</value>
         <object_component_ref idref="oc-79"/>
      </symbol>
      <symbol id="sm-551">
         <name>cpuSelfTestFail</name>
         <value>0xdfc</value>
         <object_component_ref idref="oc-79"/>
      </symbol>
      <symbol id="sm-552">
         <name>checkPLL1Slip</name>
         <value>0x1e8c</value>
         <object_component_ref idref="oc-79"/>
      </symbol>
      <symbol id="sm-553">
         <name>mibspi1ParityCheck</name>
         <value>0x1684</value>
         <object_component_ref idref="oc-79"/>
      </symbol>
      <symbol id="sm-554">
         <name>ccmr4GetConfigValue</name>
         <value>0x26fc</value>
         <object_component_ref idref="oc-79"/>
      </symbol>
      <symbol id="sm-555">
         <name>htu2ParityCheck</name>
         <value>0x11bc</value>
         <object_component_ref idref="oc-79"/>
      </symbol>
      <symbol id="sm-556">
         <name>pbistPortTestStatus</name>
         <value>0x608</value>
         <object_component_ref idref="oc-79"/>
      </symbol>
      <symbol id="sm-557">
         <name>checkFlashEEPROMECC</name>
         <value>0x1cf4</value>
         <object_component_ref idref="oc-79"/>
      </symbol>
      <symbol id="sm-558">
         <name>pbistGetConfigValue</name>
         <value>0x2470</value>
         <object_component_ref idref="oc-79"/>
      </symbol>
      <symbol id="sm-559">
         <name>vimParityCheck</name>
         <value>0xe00</value>
         <object_component_ref idref="oc-79"/>
      </symbol>
      <symbol id="sm-55a">
         <name>pbistIsTestCompleted</name>
         <value>0x5a8</value>
         <object_component_ref idref="oc-79"/>
      </symbol>
      <symbol id="sm-55b">
         <name>disableParity</name>
         <value>0x2b58</value>
         <object_component_ref idref="oc-79"/>
      </symbol>
      <symbol id="sm-55c">
         <name>pbistRun</name>
         <value>0x4ac</value>
         <object_component_ref idref="oc-79"/>
      </symbol>
      <symbol id="sm-55d">
         <name>pbistFail</name>
         <value>0x23ec</value>
         <object_component_ref idref="oc-79"/>
      </symbol>
      <symbol id="sm-55e">
         <name>selftestFailNotification</name>
         <value>0x20</value>
         <object_component_ref idref="oc-79"/>
      </symbol>
      <symbol id="sm-55f">
         <name>errata_PBIST_4</name>
         <value>0x276c</value>
         <object_component_ref idref="oc-79"/>
      </symbol>
      <symbol id="sm-560">
         <name>mibspi3ParityCheck</name>
         <value>0x178c</value>
         <object_component_ref idref="oc-79"/>
      </symbol>
      <symbol id="sm-561">
         <name>efcSelfTest</name>
         <value>0x794</value>
         <object_component_ref idref="oc-79"/>
      </symbol>
      <symbol id="sm-562">
         <name>checkB1RAMECC</name>
         <value>0xb28</value>
         <object_component_ref idref="oc-79"/>
      </symbol>
      <symbol id="sm-563">
         <name>pbistStop</name>
         <value>0x578</value>
         <object_component_ref idref="oc-79"/>
      </symbol>
      <symbol id="sm-564">
         <name>can3ParityCheck</name>
         <value>0x15b0</value>
         <object_component_ref idref="oc-79"/>
      </symbol>
      <symbol id="sm-565">
         <name>checkRAMAddrParity</name>
         <value>0x2050</value>
         <object_component_ref idref="oc-79"/>
      </symbol>
      <symbol id="sm-566">
         <name>mibspi5ParityCheck</name>
         <value>0x18b0</value>
         <object_component_ref idref="oc-79"/>
      </symbol>
      <symbol id="sm-567">
         <name>checkB0RAMECC</name>
         <value>0x938</value>
         <object_component_ref idref="oc-79"/>
      </symbol>
      <symbol id="sm-568">
         <name>stcGetConfigValue</name>
         <value>0x25bc</value>
         <object_component_ref idref="oc-79"/>
      </symbol>
      <symbol id="sm-569">
         <name>pbistIsTestPassed</name>
         <value>0x5d4</value>
         <object_component_ref idref="oc-79"/>
      </symbol>
      <symbol id="sm-56a">
         <name>checkClockMonitor</name>
         <value>0x1c18</value>
         <object_component_ref idref="oc-79"/>
      </symbol>
      <symbol id="sm-56b">
         <name>fmcECCcheck</name>
         <value>0x898</value>
         <object_component_ref idref="oc-79"/>
      </symbol>
      <symbol id="sm-56c">
         <name>fmcBus2Check</name>
         <value>0x85c</value>
         <object_component_ref idref="oc-79"/>
      </symbol>
      <symbol id="sm-56d">
         <name>checkRAMUERRTest</name>
         <value>0x215c</value>
         <object_component_ref idref="oc-79"/>
      </symbol>
      <symbol id="sm-56e">
         <name>efcStuckZeroTest</name>
         <value>0x6e8</value>
         <object_component_ref idref="oc-79"/>
      </symbol>
      <symbol id="sm-56f">
         <name>checkPLL2Slip</name>
         <value>0x1f8c</value>
         <object_component_ref idref="oc-79"/>
      </symbol>
      <symbol id="sm-597">
         <name>_c_int00</name>
         <value>0x71e0</value>
         <object_component_ref idref="oc-1f"/>
      </symbol>
      <symbol id="sm-647">
         <name>vimChannelMap</name>
         <value>0x45e4</value>
         <object_component_ref idref="oc-40"/>
      </symbol>
      <symbol id="sm-648">
         <name>vimInit</name>
         <value>0x4510</value>
         <object_component_ref idref="oc-40"/>
      </symbol>
      <symbol id="sm-649">
         <name>vimEnableInterrupt</name>
         <value>0x4688</value>
         <object_component_ref idref="oc-40"/>
      </symbol>
      <symbol id="sm-64a">
         <name>vimDisableInterrupt</name>
         <value>0x4850</value>
         <object_component_ref idref="oc-40"/>
      </symbol>
      <symbol id="sm-64b">
         <name>vimGetConfigValue</name>
         <value>0x48fc</value>
         <object_component_ref idref="oc-40"/>
      </symbol>
      <symbol id="sm-64c">
         <name>vimParityErrorHandler</name>
         <value>0x6f14</value>
         <object_component_ref idref="oc-3f"/>
      </symbol>
      <symbol id="sm-6a6">
         <name>systemGetConfigValue</name>
         <value>0x3d48</value>
         <object_component_ref idref="oc-73"/>
      </symbol>
      <symbol id="sm-6a7">
         <name>trimLPO</name>
         <value>0x3a48</value>
         <object_component_ref idref="oc-73"/>
      </symbol>
      <symbol id="sm-6a8">
         <name>systemInit</name>
         <value>0x3c4c</value>
         <object_component_ref idref="oc-73"/>
      </symbol>
      <symbol id="sm-6a9">
         <name>tcmflashGetConfigValue</name>
         <value>0x415c</value>
         <object_component_ref idref="oc-73"/>
      </symbol>
      <symbol id="sm-6aa">
         <name>sramGetConfigValue</name>
         <value>0x4308</value>
         <object_component_ref idref="oc-73"/>
      </symbol>
      <symbol id="sm-6ab">
         <name>periphInit</name>
         <value>0x3ad0</value>
         <object_component_ref idref="oc-73"/>
      </symbol>
      <symbol id="sm-6ac">
         <name>setupFlash</name>
         <value>0x3a90</value>
         <object_component_ref idref="oc-73"/>
      </symbol>
      <symbol id="sm-6ad">
         <name>setupPLL</name>
         <value>0x39e8</value>
         <object_component_ref idref="oc-73"/>
      </symbol>
      <symbol id="sm-6ae">
         <name>mapClocks</name>
         <value>0x3b24</value>
         <object_component_ref idref="oc-73"/>
      </symbol>
      <symbol id="sm-6af">
         <name>systemPowerDown</name>
         <value>0x3d18</value>
         <object_component_ref idref="oc-73"/>
      </symbol>
      <symbol id="sm-6de">
         <name>__TI_auto_init</name>
         <value>0x79ed</value>
         <object_component_ref idref="oc-85"/>
      </symbol>
      <symbol id="sm-6fc">
         <name>__TI_decompress_lzss</name>
         <value>0x7a5d</value>
         <object_component_ref idref="oc-d"/>
      </symbol>
      <symbol id="sm-713">
         <name>__TI_decompress_none</name>
         <value>0x7b79</value>
         <object_component_ref idref="oc-13"/>
      </symbol>
      <symbol id="sm-725">
         <name>__TI_zero_init</name>
         <value>0x7b87</value>
         <object_component_ref idref="oc-19"/>
      </symbol>
      <symbol id="sm-73f">
         <name>copy_in</name>
         <value>0x7b19</value>
         <object_component_ref idref="oc-e8"/>
      </symbol>
      <symbol id="sm-760">
         <name>C$$EXIT</name>
         <value>0x7ac9</value>
         <object_component_ref idref="oc-91"/>
      </symbol>
      <symbol id="sm-761">
         <name>abort</name>
         <value>0x7acd</value>
         <object_component_ref idref="oc-91"/>
      </symbol>
      <symbol id="sm-762">
         <name>exit</name>
         <value>0x7ad5</value>
         <object_component_ref idref="oc-91"/>
      </symbol>
      <symbol id="sm-763">
         <name>__TI_dtors_ptr</name>
         <value>0x800159c</value>
         <object_component_ref idref="oc-112"/>
      </symbol>
      <symbol id="sm-764">
         <name>__TI_cleanup_ptr</name>
         <value>0x8001598</value>
         <object_component_ref idref="oc-112"/>
      </symbol>
      <symbol id="sm-765">
         <name>__TI_enable_exit_profile_output</name>
         <value>0x80015a0</value>
         <object_component_ref idref="oc-112"/>
      </symbol>
      <symbol id="sm-780">
         <name>memcpy</name>
         <value>0x78d5</value>
         <object_component_ref idref="oc-56"/>
      </symbol>
      <symbol id="sm-781">
         <name>__aeabi_memcpy</name>
         <value>0x78d5</value>
         <object_component_ref idref="oc-56"/>
      </symbol>
      <symbol id="sm-782">
         <name>__aeabi_memcpy8</name>
         <value>0x78d5</value>
         <object_component_ref idref="oc-56"/>
      </symbol>
      <symbol id="sm-783">
         <name>__aeabi_memcpy4</name>
         <value>0x78d5</value>
         <object_component_ref idref="oc-56"/>
      </symbol>
      <symbol id="sm-792">
         <name>__aeabi_memset</name>
         <value>0x7973</value>
         <object_component_ref idref="oc-62"/>
      </symbol>
      <symbol id="sm-793">
         <name>memset</name>
         <value>0x7979</value>
         <object_component_ref idref="oc-62"/>
      </symbol>
      <symbol id="sm-794">
         <name>__aeabi_memset8</name>
         <value>0x7973</value>
         <object_component_ref idref="oc-62"/>
      </symbol>
      <symbol id="sm-795">
         <name>__aeabi_memset4</name>
         <value>0x7973</value>
         <object_component_ref idref="oc-62"/>
      </symbol>
      <symbol id="sm-796">
         <name>__aeabi_memclr8</name>
         <value>0x7971</value>
         <object_component_ref idref="oc-62"/>
      </symbol>
      <symbol id="sm-797">
         <name>__aeabi_memclr4</name>
         <value>0x7971</value>
         <object_component_ref idref="oc-62"/>
      </symbol>
      <symbol id="sm-798">
         <name>__aeabi_memclr</name>
         <value>0x7971</value>
         <object_component_ref idref="oc-62"/>
      </symbol>
      <symbol id="sm-7b9">
         <name>floorl</name>
         <value>0x7659</value>
         <object_component_ref idref="oc-1a4"/>
      </symbol>
      <symbol id="sm-7ba">
         <name>floor</name>
         <value>0x7659</value>
         <object_component_ref idref="oc-1a4"/>
      </symbol>
      <symbol id="sm-7c4">
         <name>_system_post_cinit</name>
         <value>0x79eb</value>
         <object_component_ref idref="oc-ee"/>
      </symbol>
      <symbol id="sm-7dd">
         <name>_nop</name>
         <value>0x7b73</value>
         <object_component_ref idref="oc-1c7"/>
      </symbol>
      <symbol id="sm-7de">
         <name>_lock</name>
         <value>0x80015a4</value>
         <object_component_ref idref="oc-115"/>
      </symbol>
      <symbol id="sm-7df">
         <name>_unlock</name>
         <value>0x80015a8</value>
         <object_component_ref idref="oc-115"/>
      </symbol>
      <symbol id="sm-7e0">
         <name>_register_lock</name>
         <value>0x7b6b</value>
         <object_component_ref idref="oc-1c7"/>
      </symbol>
      <symbol id="sm-7e1">
         <name>_register_unlock</name>
         <value>0x7b65</value>
         <object_component_ref idref="oc-1c7"/>
      </symbol>
      <symbol id="sm-7e2">
         <name>__TI_static_base__</name>
         <value>0x0</value>
      </symbol>
      <symbol id="sm-7e5">
         <name>SHT$$INIT_ARRAY$$Base</name>
         <value>0x0</value>
      </symbol>
      <symbol id="sm-7e6">
         <name>SHT$$INIT_ARRAY$$Limit</name>
         <value>0x0</value>
      </symbol>
   </symbol_table>
   <title>Link successful</title>
</link_info>
